Archive member included to satisfy reference by file (symbol)

C:/Users/BenjaminWoerfel/.pico-sdk/toolchain/13_2_Rel1/bin/../lib/gcc/arm-none-eabi/13.2.1/thumb/v6-m/nofp\libgcc.a(_dvmd_tls.o)
                              CMakeFiles/newton-rp2040-neopixel.dir/C_/Users/BenjaminWoerfel/.pico-sdk/sdk/2.0.0/src/rp2_common/pico_divider/divider_hardware.S.obj (__aeabi_idiv0)
C:/Users/BenjaminWoerfel/.pico-sdk/toolchain/13_2_Rel1/bin/../lib/gcc/arm-none-eabi/13.2.1/thumb/v6-m/nofp\libg.a(libc_a-calloc.o)
                              CMakeFiles/newton-rp2040-neopixel.dir/C_/Users/BenjaminWoerfel/.pico-sdk/sdk/2.0.0/src/rp2_common/pico_malloc/malloc.c.obj (calloc)
C:/Users/BenjaminWoerfel/.pico-sdk/toolchain/13_2_Rel1/bin/../lib/gcc/arm-none-eabi/13.2.1/thumb/v6-m/nofp\libg.a(libc_a-callocr.o)
                              C:/Users/BenjaminWoerfel/.pico-sdk/toolchain/13_2_Rel1/bin/../lib/gcc/arm-none-eabi/13.2.1/thumb/v6-m/nofp\libg.a(libc_a-calloc.o) (_calloc_r)
C:/Users/BenjaminWoerfel/.pico-sdk/toolchain/13_2_Rel1/bin/../lib/gcc/arm-none-eabi/13.2.1/thumb/v6-m/nofp\libg.a(libc_a-malloc.o)
                              CMakeFiles/newton-rp2040-neopixel.dir/C_/Users/BenjaminWoerfel/.pico-sdk/sdk/2.0.0/src/rp2_common/pico_malloc/malloc.c.obj (malloc)
C:/Users/BenjaminWoerfel/.pico-sdk/toolchain/13_2_Rel1/bin/../lib/gcc/arm-none-eabi/13.2.1/thumb/v6-m/nofp\libg.a(libc_a-mallocr.o)
                              C:/Users/BenjaminWoerfel/.pico-sdk/toolchain/13_2_Rel1/bin/../lib/gcc/arm-none-eabi/13.2.1/thumb/v6-m/nofp\libg.a(libc_a-callocr.o) (_malloc_r)
C:/Users/BenjaminWoerfel/.pico-sdk/toolchain/13_2_Rel1/bin/../lib/gcc/arm-none-eabi/13.2.1/thumb/v6-m/nofp\libg.a(libc_a-mlock.o)
                              C:/Users/BenjaminWoerfel/.pico-sdk/toolchain/13_2_Rel1/bin/../lib/gcc/arm-none-eabi/13.2.1/thumb/v6-m/nofp\libg.a(libc_a-mallocr.o) (__malloc_lock)
C:/Users/BenjaminWoerfel/.pico-sdk/toolchain/13_2_Rel1/bin/../lib/gcc/arm-none-eabi/13.2.1/thumb/v6-m/nofp\libg.a(libc_a-realloc.o)
                              CMakeFiles/newton-rp2040-neopixel.dir/C_/Users/BenjaminWoerfel/.pico-sdk/sdk/2.0.0/src/rp2_common/pico_malloc/malloc.c.obj (realloc)
C:/Users/BenjaminWoerfel/.pico-sdk/toolchain/13_2_Rel1/bin/../lib/gcc/arm-none-eabi/13.2.1/thumb/v6-m/nofp\libg.a(libc_a-reallocr.o)
                              C:/Users/BenjaminWoerfel/.pico-sdk/toolchain/13_2_Rel1/bin/../lib/gcc/arm-none-eabi/13.2.1/thumb/v6-m/nofp\libg.a(libc_a-realloc.o) (_realloc_r)
C:/Users/BenjaminWoerfel/.pico-sdk/toolchain/13_2_Rel1/bin/../lib/gcc/arm-none-eabi/13.2.1/thumb/v6-m/nofp\libg.a(libc_a-ctype_.o)
                              CMakeFiles/newton-rp2040-neopixel.dir/C_/Users/BenjaminWoerfel/.pico-sdk/sdk/2.0.0/lib/tinyusb/src/tusb.c.obj (_ctype_)
C:/Users/BenjaminWoerfel/.pico-sdk/toolchain/13_2_Rel1/bin/../lib/gcc/arm-none-eabi/13.2.1/thumb/v6-m/nofp\libg.a(libc_a-memcmp.o)
                              CMakeFiles/newton-rp2040-neopixel.dir/C_/Users/BenjaminWoerfel/.pico-sdk/sdk/2.0.0/src/rp2_common/pico_atomic/atomic.c.obj (memcmp)
C:/Users/BenjaminWoerfel/.pico-sdk/toolchain/13_2_Rel1/bin/../lib/gcc/arm-none-eabi/13.2.1/thumb/v6-m/nofp\libg.a(libc_a-memmove.o)
                              C:/Users/BenjaminWoerfel/.pico-sdk/toolchain/13_2_Rel1/bin/../lib/gcc/arm-none-eabi/13.2.1/thumb/v6-m/nofp\libg.a(libc_a-reallocr.o) (memmove)
C:/Users/BenjaminWoerfel/.pico-sdk/toolchain/13_2_Rel1/bin/../lib/gcc/arm-none-eabi/13.2.1/thumb/v6-m/nofp\libg.a(libc_a-lcltime_r.o)
                              CMakeFiles/newton-rp2040-neopixel.dir/C_/Users/BenjaminWoerfel/.pico-sdk/sdk/2.0.0/src/common/pico_util/datetime.c.obj (localtime_r)
C:/Users/BenjaminWoerfel/.pico-sdk/toolchain/13_2_Rel1/bin/../lib/gcc/arm-none-eabi/13.2.1/thumb/v6-m/nofp\libg.a(libc_a-mktime.o)
                              CMakeFiles/newton-rp2040-neopixel.dir/C_/Users/BenjaminWoerfel/.pico-sdk/sdk/2.0.0/src/common/pico_util/datetime.c.obj (mktime)
C:/Users/BenjaminWoerfel/.pico-sdk/toolchain/13_2_Rel1/bin/../lib/gcc/arm-none-eabi/13.2.1/thumb/v6-m/nofp\libg.a(libc_a-month_lengths.o)
                              C:/Users/BenjaminWoerfel/.pico-sdk/toolchain/13_2_Rel1/bin/../lib/gcc/arm-none-eabi/13.2.1/thumb/v6-m/nofp\libg.a(libc_a-lcltime_r.o) (__month_lengths)
C:/Users/BenjaminWoerfel/.pico-sdk/toolchain/13_2_Rel1/bin/../lib/gcc/arm-none-eabi/13.2.1/thumb/v6-m/nofp\libg.a(libc_a-tzcalc_limits.o)
                              C:/Users/BenjaminWoerfel/.pico-sdk/toolchain/13_2_Rel1/bin/../lib/gcc/arm-none-eabi/13.2.1/thumb/v6-m/nofp\libg.a(libc_a-lcltime_r.o) (__tzcalc_limits)
C:/Users/BenjaminWoerfel/.pico-sdk/toolchain/13_2_Rel1/bin/../lib/gcc/arm-none-eabi/13.2.1/thumb/v6-m/nofp\libg.a(libc_a-tzlock.o)
                              C:/Users/BenjaminWoerfel/.pico-sdk/toolchain/13_2_Rel1/bin/../lib/gcc/arm-none-eabi/13.2.1/thumb/v6-m/nofp\libg.a(libc_a-lcltime_r.o) (__tz_lock)
[...]
Memory Configuration

Name             Origin             Length             Attributes
FLASH            0x10000000         0x00800000         xr
RAM              0x20000000         0x00040000         xrw
SCRATCH_X        0x20040000         0x00001000         xrw
SCRATCH_Y        0x20041000         0x00001000         xrw
*default*        0x00000000         0xffffffff

Linker script and memory map

LOAD C:/Users/BenjaminWoerfel/.pico-sdk/toolchain/13_2_Rel1/bin/../lib/gcc/arm-none-eabi/13.2.1/thumb/v6-m/nofp/crti.o
LOAD C:/Users/BenjaminWoerfel/.pico-sdk/toolchain/13_2_Rel1/bin/../lib/gcc/arm-none-eabi/13.2.1/thumb/v6-m/nofp/crtbegin.o
LOAD C:/Users/BenjaminWoerfel/.pico-sdk/toolchain/13_2_Rel1/bin/../lib/gcc/arm-none-eabi/13.2.1/thumb/v6-m/nofp/crt0.o

.flash_begin    0x10000000        0x0
                0x10000000                        __flash_binary_start = .

.boot2          0x10000000      0x100
                0x10000000                        __boot2_start__ = .
 *(.boot2)
 .boot2         0x10000000      0x100 C:\Users\BENJAM~1\AppData\Local\Temp\ccUb3KV6.o
                0x10000100                        __boot2_end__ = .
                0x00000001                        ASSERT (((__boot2_end__ - __boot2_start__) == 0x100), ERROR: Pico second stage bootloader must be 256 bytes in size)

.text           0x10000100     0x7024
                0x10000100                        __logical_binary_start = .
 *(.vectors)
 .vectors       0x10000100       0xd4 CMakeFiles/newton-rp2040-neopixel.dir/C_/Users/BenjaminWoerfel/.pico-sdk/sdk/2.0.0/src/rp2_common/pico_crt0/crt0.S.obj
                0x10000100                __VECTOR_TABLE
                0x10000100                __vectors
                0x100001c0                isr_invalid
                0x100001c0                __default_isrs_start
                0x100001c2                isr_nmi
                0x100001c4                isr_hardfault
                0x100001c6                isr_svcall
                0x100001c8                isr_pendsv
                0x100001ca                isr_systick
                0x100001cc                isr_irq23
                0x100001cc                isr_irq18
                0x100001cc                isr_irq11
                0x100001cc                isr_irq28
                0x100001cc                isr_irq19
                0x100001cc                isr_irq0
                0x100001cc                isr_irq6
                0x100001cc                isr_irq5
                0x100001cc                isr_irq12
                0x100001cc                isr_irq22
                0x100001cc                isr_irq31
                0x100001cc                isr_irq17
                0x100001cc                isr_irq27
                0x100001cc                isr_irq30
                0x100001cc                isr_irq2
                0x100001cc                isr_irq10
                0x100001cc                isr_irq8
                0x100001cc                isr_irq24
                0x100001cc                isr_irq1
                0x100001cc                isr_irq7
                0x100001cc                isr_irq21
                0x100001cc                isr_irq20
                0x100001cc                isr_irq15
                0x100001cc                isr_irq25
                0x100001cc                isr_irq13
                0x100001cc                __unhandled_user_irq
                0x100001cc                isr_irq4
                0x100001cc                isr_irq16
                0x100001cc                isr_irq29
                0x100001cc                isr_irq26
                0x100001cc                __default_isrs_end
                0x100001cc                isr_irq3
                0x100001cc                isr_irq14
                0x100001cc                isr_irq9
                0x100001d2                unhandled_user_irq_num_in_r0
 *(.binary_info_header)
 .binary_info_header
                0x100001d4       0x14 CMakeFiles/newton-rp2040-neopixel.dir/C_/Users/BenjaminWoerfel/.pico-sdk/sdk/2.0.0/src/rp2_common/pico_crt0/crt0.S.obj
                0x100001e8                        __binary_info_header_end = .
 *(.embedded_block)
                0x100001e8                        __embedded_block_end = .
 *(.reset)
 .reset         0x100001e8       0x9c CMakeFiles/newton-rp2040-neopixel.dir/C_/Users/BenjaminWoerfel/.pico-sdk/sdk/2.0.0/src/rp2_common/pico_crt0/crt0.S.obj
                0x100001e8                _entry_point
 *(.init)
 .init          0x10000284        0x4 C:/Users/BenjaminWoerfel/.pico-sdk/toolchain/13_2_Rel1/bin/../lib/gcc/arm-none-eabi/13.2.1/thumb/v6-m/nofp/crti.o
                0x10000284                _init
 *(EXCLUDE_FILE(*libm.a: *libc.a:*lib_a-mem*.o *libgcc.a:) .text*)
 .text.register_tm_clones
                0x10000288       0x28 C:/Users/BenjaminWoerfel/.pico-sdk/toolchain/13_2_Rel1/bin/../lib/gcc/arm-none-eabi/13.2.1/thumb/v6-m/nofp/crtbegin.o
 .text.frame_dummy
                0x100002b0       0x24 C:/Users/BenjaminWoerfel/.pico-sdk/toolchain/13_2_Rel1/bin/../lib/gcc/arm-none-eabi/13.2.1/thumb/v6-m/nofp/crtbegin.o
 .text.pio_sm_set_clkdiv
                0x100002d4       0x48 CMakeFiles/newton-rp2040-neopixel.dir/newton-rp2040-neopixel.cpp.obj
 .text._ZL30ppm_program_get_default_configj
                0x1000031c       0x48 CMakeFiles/newton-rp2040-neopixel.dir/newton-rp2040-neopixel.cpp.obj
 .text._Z11ppm_handlerv
                0x10000364       0x30 CMakeFiles/newton-rp2040-neopixel.dir/newton-rp2040-neopixel.cpp.obj
                0x10000364                ppm_handler()
 .text._Z14alarm_callbacklPv
                0x10000394       0x18 CMakeFiles/newton-rp2040-neopixel.dir/newton-rp2040-neopixel.cpp.obj
                0x10000394                alarm_callback(long, void*)
 .text._ZL16ppm_program_initP8pio_hw_tj
                0x100003ac      0x174 CMakeFiles/newton-rp2040-neopixel.dir/newton-rp2040-neopixel.cpp.obj
 .text.alarm_pool_add_alarm_in_ms
                0x10000520       0x64 CMakeFiles/newton-rp2040-neopixel.dir/newton-rp2040-neopixel.cpp.obj
 .text.add_alarm_in_ms
                0x10000584       0x20 CMakeFiles/newton-rp2040-neopixel.dir/newton-rp2040-neopixel.cpp.obj
 .text._Z17set_value_and_logjj
                0x100005a4       0x18 CMakeFiles/newton-rp2040-neopixel.dir/newton-rp2040-neopixel.cpp.obj
                0x100005a4                set_value_and_log(unsigned int, unsigned int)
 .text.main     0x100005bc      0x184 CMakeFiles/newton-rp2040-neopixel.dir/newton-rp2040-neopixel.cpp.obj
                0x100005bc                main
 .text._ZN5PwmIn15pio_irq_handlerEv
                0x10000740       0x4c CMakeFiles/newton-rp2040-neopixel.dir/PwmIn.cpp.obj
                0x10000740                PwmIn::pio_irq_handler()
 .text._ZN5PwmInC2EPjj
                0x1000078c      0x110 CMakeFiles/newton-rp2040-neopixel.dir/PwmIn.cpp.obj
                0x1000078c                PwmIn::PwmIn(unsigned int*, unsigned int)
                0x1000078c                PwmIn::PwmIn(unsigned int*, unsigned int)
 .text._ZN5PwmIn7read_PWEj
                0x1000089c       0x2c CMakeFiles/newton-rp2040-neopixel.dir/PwmIn.cpp.obj
                0x1000089c                PwmIn::read_PW(unsigned int)
 .text.gpio_set_function
                0x100008c8       0x34 CMakeFiles/newton-rp2040-neopixel.dir/C_/Users/BenjaminWoerfel/.pico-sdk/sdk/2.0.0/src/rp2_common/hardware_gpio/gpio.c.obj
                0x100008c8                gpio_set_function
 .text.gpio_set_pulls
                0x100008fc       0x38 CMakeFiles/newton-rp2040-neopixel.dir/C_/Users/BenjaminWoerfel/.pico-sdk/sdk/2.0.0/src/rp2_common/hardware_gpio/gpio.c.obj
                0x100008fc                gpio_set_pulls
 .text.gpio_set_drive_strength
                0x10000934       0x24 CMakeFiles/newton-rp2040-neopixel.dir/C_/Users/BenjaminWoerfel/.pico-sdk/sdk/2.0.0/src/rp2_common/hardware_gpio/gpio.c.obj
                0x10000934                gpio_set_drive_strength
 .text.gpio_init
                0x10000958       0x16 CMakeFiles/newton-rp2040-neopixel.dir/C_/Users/BenjaminWoerfel/.pico-sdk/sdk/2.0.0/src/rp2_common/hardware_gpio/gpio.c.obj
                0x10000958                gpio_init
 *fill*         0x1000096e        0x2 
 .text.rp2040_chip_version
                0x10000970       0x54 CMakeFiles/newton-rp2040-neopixel.dir/C_/Users/BenjaminWoerfel/.pico-sdk/sdk/2.0.0/src/rp2040/pico_platform/platform.c.obj
                0x10000970                rp2040_chip_version
 .text.panic    0x100009c4       0x30 CMakeFiles/newton-rp2040-neopixel.dir/C_/Users/BenjaminWoerfel/.pico-sdk/sdk/2.0.0/src/rp2_common/pico_platform_panic/panic.c.obj
                0x100009c4                panic
 .text.hw_claim_lock
                0x100009f4       0x18 CMakeFiles/newton-rp2040-neopixel.dir/C_/Users/BenjaminWoerfel/.pico-sdk/sdk/2.0.0/src/common/hardware_claim/claim.c.obj
                0x100009f4                hw_claim_lock
 .text.hw_claim_unlock
                0x10000a0c       0x14 CMakeFiles/newton-rp2040-neopixel.dir/C_/Users/BenjaminWoerfel/.pico-sdk/sdk/2.0.0/src/common/hardware_claim/claim.c.obj
                0x10000a0c                hw_claim_unlock
 .text.hw_claim_or_assert
                0x10000a20       0x32 CMakeFiles/newton-rp2040-neopixel.dir/C_/Users/BenjaminWoerfel/.pico-sdk/sdk/2.0.0/src/common/hardware_claim/claim.c.obj
                0x10000a20                hw_claim_or_assert
 .text.hw_claim_unused_from_range
                0x10000a52       0x50 CMakeFiles/newton-rp2040-neopixel.dir/C_/Users/BenjaminWoerfel/.pico-sdk/sdk/2.0.0/src/common/hardware_claim/claim.c.obj
                0x10000a52                hw_claim_unused_from_range
 *fill*         0x10000aa2        0x2 
 .text.next_striped_spin_lock_num
                0x10000aa4       0x1c CMakeFiles/newton-rp2040-neopixel.dir/C_/Users/BenjaminWoerfel/.pico-sdk/sdk/2.0.0/src/rp2_common/hardware_sync/sync.c.obj
                0x10000aa4                next_striped_spin_lock_num
 .text.spin_lock_claim_unused
                0x10000ac0       0x24 CMakeFiles/newton-rp2040-neopixel.dir/C_/Users/BenjaminWoerfel/.pico-sdk/sdk/2.0.0/src/rp2_common/hardware_sync/sync.c.obj
                0x10000ac0                spin_lock_claim_unused
 .text.spin_locks_reset
                0x10000ae4       0x20 CMakeFiles/newton-rp2040-neopixel.dir/C_/Users/BenjaminWoerfel/.pico-sdk/sdk/2.0.0/src/rp2_common/hardware_sync_spin_lock/sync_spin_lock.c.obj
                0x10000ae4                spin_locks_reset
 .text.set_raw_irq_handler_and_unlock
                0x10000b04       0x28 CMakeFiles/newton-rp2040-neopixel.dir/C_/Users/BenjaminWoerfel/.pico-sdk/sdk/2.0.0/src/rp2_common/hardware_irq/irq.c.obj
 .text.nvic_ipr0
                0x10000b2c        0x8 CMakeFiles/newton-rp2040-neopixel.dir/C_/Users/BenjaminWoerfel/.pico-sdk/sdk/2.0.0/src/rp2_common/hardware_irq/irq.c.obj
 .text.runtime_init_per_core_irq_priorities
                0x10000b34       0x1c CMakeFiles/newton-rp2040-neopixel.dir/C_/Users/BenjaminWoerfel/.pico-sdk/sdk/2.0.0/src/rp2_common/hardware_irq/irq.c.obj
                0x10000b34                runtime_init_per_core_irq_priorities
 .text.resolve_j_16
                0x10000b50       0x30 CMakeFiles/newton-rp2040-neopixel.dir/C_/Users/BenjaminWoerfel/.pico-sdk/sdk/2.0.0/src/rp2_common/hardware_irq/irq.c.obj
 .text.make_j_16
                0x10000b80       0x48 CMakeFiles/newton-rp2040-neopixel.dir/C_/Users/BenjaminWoerfel/.pico-sdk/sdk/2.0.0/src/rp2_common/hardware_irq/irq.c.obj
 .text.insert_bl_32
                0x10000bc8       0x40 CMakeFiles/newton-rp2040-neopixel.dir/C_/Users/BenjaminWoerfel/.pico-sdk/sdk/2.0.0/src/rp2_common/hardware_irq/irq.c.obj
 .text.irq_is_enabled
                0x10000c08       0x18 CMakeFiles/newton-rp2040-neopixel.dir/C_/Users/BenjaminWoerfel/.pico-sdk/sdk/2.0.0/src/rp2_common/hardware_irq/irq.c.obj
                0x10000c08                irq_is_enabled
 .text.irq_set_mask_n_enabled
                0x10000c20       0x1c CMakeFiles/newton-rp2040-neopixel.dir/C_/Users/BenjaminWoerfel/.pico-sdk/sdk/2.0.0/src/rp2_common/hardware_irq/irq.c.obj
                0x10000c20                irq_set_mask_n_enabled
 .text.irq_set_enabled
                0x10000c3c       0x14 CMakeFiles/newton-rp2040-neopixel.dir/C_/Users/BenjaminWoerfel/.pico-sdk/sdk/2.0.0/src/rp2_common/hardware_irq/irq.c.obj
                0x10000c3c                irq_set_enabled
 .text.irq_set_pending
                0x10000c50       0x10 CMakeFiles/newton-rp2040-neopixel.dir/C_/Users/BenjaminWoerfel/.pico-sdk/sdk/2.0.0/src/rp2_common/hardware_irq/irq.c.obj
                0x10000c50                irq_set_pending
 .text.irq_get_vtable_handler
                0x10000c60       0x10 CMakeFiles/newton-rp2040-neopixel.dir/C_/Users/BenjaminWoerfel/.pico-sdk/sdk/2.0.0/src/rp2_common/hardware_irq/irq.c.obj
                0x10000c60                irq_get_vtable_handler
 .text.irq_has_shared_handler
                0x10000c70       0x24 CMakeFiles/newton-rp2040-neopixel.dir/C_/Users/BenjaminWoerfel/.pico-sdk/sdk/2.0.0/src/rp2_common/hardware_irq/irq.c.obj
                0x10000c70                irq_has_shared_handler
 .text.irq_set_exclusive_handler
                0x10000c94       0x54 CMakeFiles/newton-rp2040-neopixel.dir/C_/Users/BenjaminWoerfel/.pico-sdk/sdk/2.0.0/src/rp2_common/hardware_irq/irq.c.obj
                0x10000c94                irq_set_exclusive_handler
 .text.irq_add_shared_handler
                0x10000ce8      0x218 CMakeFiles/newton-rp2040-neopixel.dir/C_/Users/BenjaminWoerfel/.pico-sdk/sdk/2.0.0/src/rp2_common/hardware_irq/irq.c.obj
                0x10000ce8                irq_add_shared_handler
 .text.irq_remove_handler
                0x10000f00      0x18c CMakeFiles/newton-rp2040-neopixel.dir/C_/Users/BenjaminWoerfel/.pico-sdk/sdk/2.0.0/src/rp2_common/hardware_irq/irq.c.obj
                0x10000f00                irq_remove_handler
 .text.irq_add_tail_to_free_list
                0x1000108c       0xf4 CMakeFiles/newton-rp2040-neopixel.dir/C_/Users/BenjaminWoerfel/.pico-sdk/sdk/2.0.0/src/rp2_common/hardware_irq/irq.c.obj
                0x1000108c                irq_add_tail_to_free_list
 .text.user_irq_claim_unused
                0x10001180       0x2c CMakeFiles/newton-rp2040-neopixel.dir/C_/Users/BenjaminWoerfel/.pico-sdk/sdk/2.0.0/src/rp2_common/hardware_irq/irq.c.obj
                0x10001180                user_irq_claim_unused
 .text.lock_init
                0x100011ac       0x10 CMakeFiles/newton-rp2040-neopixel.dir/C_/Users/BenjaminWoerfel/.pico-sdk/sdk/2.0.0/src/common/pico_sync/lock_core.c.obj
                0x100011ac                lock_init
 .text.mutex_init
                0x100011bc       0x1a CMakeFiles/newton-rp2040-neopixel.dir/C_/Users/BenjaminWoerfel/.pico-sdk/sdk/2.0.0/src/common/pico_sync/mutex.c.obj
                0x100011bc                mutex_init
 .text.recursive_mutex_init
                0x100011d6       0x1e CMakeFiles/newton-rp2040-neopixel.dir/C_/Users/BenjaminWoerfel/.pico-sdk/sdk/2.0.0/src/common/pico_sync/mutex.c.obj
                0x100011d6                recursive_mutex_init
 .text.runtime_init_mutex
                0x100011f4       0x4c CMakeFiles/newton-rp2040-neopixel.dir/C_/Users/BenjaminWoerfel/.pico-sdk/sdk/2.0.0/src/common/pico_sync/mutex.c.obj
                0x100011f4                runtime_init_mutex
 .text.critical_section_init_with_lock_num
                0x10001240       0x14 CMakeFiles/newton-rp2040-neopixel.dir/C_/Users/BenjaminWoerfel/.pico-sdk/sdk/2.0.0/src/common/pico_sync/critical_section.c.obj
                0x10001240                critical_section_init_with_lock_num
 .text.critical_section_init
                0x10001254       0x14 CMakeFiles/newton-rp2040-neopixel.dir/C_/Users/BenjaminWoerfel/.pico-sdk/sdk/2.0.0/src/common/pico_sync/critical_section.c.obj
                0x10001254                critical_section_init
 .text.make_alarm_id
                0x10001268        0x6 CMakeFiles/newton-rp2040-neopixel.dir/C_/Users/BenjaminWoerfel/.pico-sdk/sdk/2.0.0/src/common/pico_time/time.c.obj
 *fill*         0x1000126e        0x2 
 .text.sleep_until_callback
                0x10001270       0x30 CMakeFiles/newton-rp2040-neopixel.dir/C_/Users/BenjaminWoerfel/.pico-sdk/sdk/2.0.0/src/common/pico_time/time.c.obj
 .text.alarm_pool_irq_handler
                0x100012a0      0x2e0 CMakeFiles/newton-rp2040-neopixel.dir/C_/Users/BenjaminWoerfel/.pico-sdk/sdk/2.0.0/src/common/pico_time/time.c.obj
 .text.ta_enable_irq_handler
                0x10001580       0x2c CMakeFiles/newton-rp2040-neopixel.dir/C_/Users/BenjaminWoerfel/.pico-sdk/sdk/2.0.0/src/common/pico_time/time.c.obj
 .text.alarm_pool_post_alloc_init
                0x100015ac       0x78 CMakeFiles/newton-rp2040-neopixel.dir/C_/Users/BenjaminWoerfel/.pico-sdk/sdk/2.0.0/src/common/pico_time/time.c.obj
 .text.alarm_pool_get_default
                0x10001624       0x2c CMakeFiles/newton-rp2040-neopixel.dir/C_/Users/BenjaminWoerfel/.pico-sdk/sdk/2.0.0/src/common/pico_time/time.c.obj
                0x10001624                alarm_pool_get_default
 .text.alarm_pool_add_alarm_at_force_in_context
                0x10001650       0xa4 CMakeFiles/newton-rp2040-neopixel.dir/C_/Users/BenjaminWoerfel/.pico-sdk/sdk/2.0.0/src/common/pico_time/time.c.obj
                0x10001650                alarm_pool_add_alarm_at_force_in_context
 .text.alarm_pool_add_alarm_at
                0x100016f4       0x3c CMakeFiles/newton-rp2040-neopixel.dir/C_/Users/BenjaminWoerfel/.pico-sdk/sdk/2.0.0/src/common/pico_time/time.c.obj
                0x100016f4                alarm_pool_add_alarm_at
 .text.add_alarm_at
                0x10001730       0x2e CMakeFiles/newton-rp2040-neopixel.dir/C_/Users/BenjaminWoerfel/.pico-sdk/sdk/2.0.0/src/common/pico_time/time.c.obj
 *fill*         0x1000175e        0x2 
 .text.alarm_pool_cancel_alarm
                0x10001760       0x78 CMakeFiles/newton-rp2040-neopixel.dir/C_/Users/BenjaminWoerfel/.pico-sdk/sdk/2.0.0/src/common/pico_time/time.c.obj
                0x10001760                alarm_pool_cancel_alarm
 .text.cancel_alarm
                0x100017d8       0x10 CMakeFiles/newton-rp2040-neopixel.dir/C_/Users/BenjaminWoerfel/.pico-sdk/sdk/2.0.0/src/common/pico_time/time.c.obj
 .text.alarm_pool_core_num
                0x100017e8        0x4 CMakeFiles/newton-rp2040-neopixel.dir/C_/Users/BenjaminWoerfel/.pico-sdk/sdk/2.0.0/src/common/pico_time/time.c.obj
                0x100017e8                alarm_pool_core_num
 .text.sleep_until
                0x100017ec       0xc0 CMakeFiles/newton-rp2040-neopixel.dir/C_/Users/BenjaminWoerfel/.pico-sdk/sdk/2.0.0/src/common/pico_time/time.c.obj
                0x100017ec                sleep_until
 .text.sleep_us
                0x100018ac       0x24 CMakeFiles/newton-rp2040-neopixel.dir/C_/Users/BenjaminWoerfel/.pico-sdk/sdk/2.0.0/src/common/pico_time/time.c.obj
                0x100018ac                sleep_us
 .text.sleep_ms
                0x100018d0       0x14 CMakeFiles/newton-rp2040-neopixel.dir/C_/Users/BenjaminWoerfel/.pico-sdk/sdk/2.0.0/src/common/pico_time/time.c.obj
                0x100018d0                sleep_ms
 .text.best_effort_wfe_or_timeout
                0x100018e4       0xc4 CMakeFiles/newton-rp2040-neopixel.dir/C_/Users/BenjaminWoerfel/.pico-sdk/sdk/2.0.0/src/common/pico_time/time.c.obj
                0x100018e4                best_effort_wfe_or_timeout
 .text.alarm_pool_get_default_timer
                0x100019a8        0x8 CMakeFiles/newton-rp2040-neopixel.dir/C_/Users/BenjaminWoerfel/.pico-sdk/sdk/2.0.0/src/common/pico_time/time.c.obj
                0x100019a8                alarm_pool_get_default_timer
 .text.runtime_init_default_alarm_pool
                0x100019b0       0x38 CMakeFiles/newton-rp2040-neopixel.dir/C_/Users/BenjaminWoerfel/.pico-sdk/sdk/2.0.0/src/common/pico_time/time.c.obj
                0x100019b0                runtime_init_default_alarm_pool
 .text.timer_hardware_alarm_claim
                0x100019e8       0x14 CMakeFiles/newton-rp2040-neopixel.dir/C_/Users/BenjaminWoerfel/.pico-sdk/sdk/2.0.0/src/rp2_common/hardware_timer/timer.c.obj
                0x100019e8                timer_hardware_alarm_claim
 .text.timer_time_us_64
                0x100019fc       0x10 CMakeFiles/newton-rp2040-neopixel.dir/C_/Users/BenjaminWoerfel/.pico-sdk/sdk/2.0.0/src/rp2_common/hardware_timer/timer.c.obj
                0x100019fc                timer_time_us_64
 .text.timer_busy_wait_until
                0x10001a0c       0x1a CMakeFiles/newton-rp2040-neopixel.dir/C_/Users/BenjaminWoerfel/.pico-sdk/sdk/2.0.0/src/rp2_common/hardware_timer/timer.c.obj
                0x10001a0c                timer_busy_wait_until
 .text.timer_busy_wait_us
                0x10001a26       0x38 CMakeFiles/newton-rp2040-neopixel.dir/C_/Users/BenjaminWoerfel/.pico-sdk/sdk/2.0.0/src/rp2_common/hardware_timer/timer.c.obj
                0x10001a26                timer_busy_wait_us
 *fill*         0x10001a5e        0x2 
 .text.time_us_64
                0x10001a60       0x10 CMakeFiles/newton-rp2040-neopixel.dir/C_/Users/BenjaminWoerfel/.pico-sdk/sdk/2.0.0/src/rp2_common/hardware_timer/timer.c.obj
                0x10001a60                time_us_64
 .text.busy_wait_us
                0x10001a70       0x14 CMakeFiles/newton-rp2040-neopixel.dir/C_/Users/BenjaminWoerfel/.pico-sdk/sdk/2.0.0/src/rp2_common/hardware_timer/timer.c.obj
                0x10001a70                busy_wait_us
 .text.busy_wait_until
                0x10001a84       0x14 CMakeFiles/newton-rp2040-neopixel.dir/C_/Users/BenjaminWoerfel/.pico-sdk/sdk/2.0.0/src/rp2_common/hardware_timer/timer.c.obj
                0x10001a84                busy_wait_until
 .text.uart_unreset
                0x10001a98       0x2c CMakeFiles/newton-rp2040-neopixel.dir/C_/Users/BenjaminWoerfel/.pico-sdk/sdk/2.0.0/src/rp2_common/hardware_uart/uart.c.obj
 .text.uart_disable_before_lcr_write
                0x10001ac4       0x48 CMakeFiles/newton-rp2040-neopixel.dir/C_/Users/BenjaminWoerfel/.pico-sdk/sdk/2.0.0/src/rp2_common/hardware_uart/uart.c.obj
 .text.uart_write_lcr_bits_masked
                0x10001b0c       0x20 CMakeFiles/newton-rp2040-neopixel.dir/C_/Users/BenjaminWoerfel/.pico-sdk/sdk/2.0.0/src/rp2_common/hardware_uart/uart.c.obj
 .text.uart_set_baudrate
                0x10001b2c       0x5c CMakeFiles/newton-rp2040-neopixel.dir/C_/Users/BenjaminWoerfel/.pico-sdk/sdk/2.0.0/src/rp2_common/hardware_uart/uart.c.obj
                0x10001b2c                uart_set_baudrate
 .text.uart_set_translate_crlf
                0x10001b88       0x28 CMakeFiles/newton-rp2040-neopixel.dir/C_/Users/BenjaminWoerfel/.pico-sdk/sdk/2.0.0/src/rp2_common/hardware_uart/uart.c.obj
                0x10001b88                uart_set_translate_crlf
 .text.uart_init
                0x10001bb0       0x64 CMakeFiles/newton-rp2040-neopixel.dir/C_/Users/BenjaminWoerfel/.pico-sdk/sdk/2.0.0/src/rp2_common/hardware_uart/uart.c.obj
                0x10001bb0                uart_init
 .text.clock_configure_internal
                0x10001c14       0xc4 CMakeFiles/newton-rp2040-neopixel.dir/C_/Users/BenjaminWoerfel/.pico-sdk/sdk/2.0.0/src/rp2_common/hardware_clocks/clocks.c.obj
 .text.clock_configure_int_divider
                0x10001cd8       0x28 CMakeFiles/newton-rp2040-neopixel.dir/C_/Users/BenjaminWoerfel/.pico-sdk/sdk/2.0.0/src/rp2_common/hardware_clocks/clocks.c.obj
                0x10001cd8                clock_configure_int_divider
 .text.clock_configure_undivided
                0x10001d00       0x12 CMakeFiles/newton-rp2040-neopixel.dir/C_/Users/BenjaminWoerfel/.pico-sdk/sdk/2.0.0/src/rp2_common/hardware_clocks/clocks.c.obj
                0x10001d00                clock_configure_undivided
 *fill*         0x10001d12        0x2 
 .text.clock_get_hz
                0x10001d14        0xc CMakeFiles/newton-rp2040-neopixel.dir/C_/Users/BenjaminWoerfel/.pico-sdk/sdk/2.0.0/src/rp2_common/hardware_clocks/clocks.c.obj
                0x10001d14                clock_get_hz
 .text.pll_init
                0x10001d20      0x124 CMakeFiles/newton-rp2040-neopixel.dir/C_/Users/BenjaminWoerfel/.pico-sdk/sdk/2.0.0/src/rp2_common/hardware_pll/pll.c.obj
                0x10001d20                pll_init
 .text.watchdog_update
                0x10001e44       0x14 CMakeFiles/newton-rp2040-neopixel.dir/C_/Users/BenjaminWoerfel/.pico-sdk/sdk/2.0.0/src/rp2_common/hardware_watchdog/watchdog.c.obj
                0x10001e44                watchdog_update
 .text._watchdog_enable
                0x10001e58       0x7c CMakeFiles/newton-rp2040-neopixel.dir/C_/Users/BenjaminWoerfel/.pico-sdk/sdk/2.0.0/src/rp2_common/hardware_watchdog/watchdog.c.obj
                0x10001e58                _watchdog_enable
 .text.watchdog_enable
                0x10001ed4       0x18 CMakeFiles/newton-rp2040-neopixel.dir/C_/Users/BenjaminWoerfel/.pico-sdk/sdk/2.0.0/src/rp2_common/hardware_watchdog/watchdog.c.obj
                0x10001ed4                watchdog_enable
 .text.watchdog_reboot
                0x10001eec       0x48 CMakeFiles/newton-rp2040-neopixel.dir/C_/Users/BenjaminWoerfel/.pico-sdk/sdk/2.0.0/src/rp2_common/hardware_watchdog/watchdog.c.obj
                0x10001eec                watchdog_reboot
 .text.watchdog_caused_reboot
                0x10001f34       0x10 CMakeFiles/newton-rp2040-neopixel.dir/C_/Users/BenjaminWoerfel/.pico-sdk/sdk/2.0.0/src/rp2_common/hardware_watchdog/watchdog.c.obj
                0x10001f34                watchdog_caused_reboot
 .text.tick_start
                0x10001f44       0x10 CMakeFiles/newton-rp2040-neopixel.dir/C_/Users/BenjaminWoerfel/.pico-sdk/sdk/2.0.0/src/rp2_common/hardware_ticks/ticks.c.obj
                0x10001f44                tick_start
 .text.xosc_init
                0x10001f54       0x2c CMakeFiles/newton-rp2040-neopixel.dir/C_/Users/BenjaminWoerfel/.pico-sdk/sdk/2.0.0/src/rp2_common/hardware_xosc/xosc.c.obj
                0x10001f54                xosc_init
 .text.hw_divider_divmod_s32
                0x10001f80        0xc CMakeFiles/newton-rp2040-neopixel.dir/C_/Users/BenjaminWoerfel/.pico-sdk/sdk/2.0.0/src/rp2_common/hardware_divider/divider.S.obj
                0x10001f80                hw_divider_divmod_s32
 .text.hw_divider_divmod_u32
                0x10001f8c        0xc CMakeFiles/newton-rp2040-neopixel.dir/C_/Users/BenjaminWoerfel/.pico-sdk/sdk/2.0.0/src/rp2_common/hardware_divider/divider.S.obj
                0x10001f8c                hw_divider_divmod_u32
 .text.hw_divider_divmod_return
                0x10001f98        0xc CMakeFiles/newton-rp2040-neopixel.dir/C_/Users/BenjaminWoerfel/.pico-sdk/sdk/2.0.0/src/rp2_common/hardware_divider/divider.S.obj
 .text.runtime_run_initializers_from
                0x10001fa4       0x18 CMakeFiles/newton-rp2040-neopixel.dir/C_/Users/BenjaminWoerfel/.pico-sdk/sdk/2.0.0/src/rp2_common/pico_runtime/runtime.c.obj
 .text.first_per_core_initializer
                0x10001fbc        0x2 CMakeFiles/newton-rp2040-neopixel.dir/C_/Users/BenjaminWoerfel/.pico-sdk/sdk/2.0.0/src/rp2_common/pico_runtime/runtime.c.obj
 *fill*         0x10001fbe        0x2 
 .text.runtime_run_initializers
                0x10001fc0       0x10 CMakeFiles/newton-rp2040-neopixel.dir/C_/Users/BenjaminWoerfel/.pico-sdk/sdk/2.0.0/src/rp2_common/pico_runtime/runtime.c.obj
                0x10001fc0                runtime_run_initializers
 .text.runtime_init_early_resets
                0x10001fd0       0x2c CMakeFiles/newton-rp2040-neopixel.dir/C_/Users/BenjaminWoerfel/.pico-sdk/sdk/2.0.0/src/rp2_common/pico_runtime_init/runtime_init.c.obj
                0x10001fd0                runtime_init_early_resets
 .text.runtime_init_usb_power_down
                0x10001ffc       0x1c CMakeFiles/newton-rp2040-neopixel.dir/C_/Users/BenjaminWoerfel/.pico-sdk/sdk/2.0.0/src/rp2_common/pico_runtime_init/runtime_init.c.obj
                0x10001ffc                runtime_init_usb_power_down
 .text.runtime_init_post_clock_resets
                0x10002018       0x20 CMakeFiles/newton-rp2040-neopixel.dir/C_/Users/BenjaminWoerfel/.pico-sdk/sdk/2.0.0/src/rp2_common/pico_runtime_init/runtime_init.c.obj
                0x10002018                runtime_init_post_clock_resets
 .text.runtime_init_rp2040_gpio_ie_disable
                0x10002038       0x14 CMakeFiles/newton-rp2040-neopixel.dir/C_/Users/BenjaminWoerfel/.pico-sdk/sdk/2.0.0/src/rp2_common/pico_runtime_init/runtime_init.c.obj
                0x10002038                runtime_init_rp2040_gpio_ie_disable
 .text.runtime_init_spin_locks_reset
                0x1000204c        0x8 CMakeFiles/newton-rp2040-neopixel.dir/C_/Users/BenjaminWoerfel/.pico-sdk/sdk/2.0.0/src/rp2_common/pico_runtime_init/runtime_init.c.obj
                0x1000204c                runtime_init_spin_locks_reset
 .text.runtime_init_install_ram_vector_table
                0x10002054       0x1c CMakeFiles/newton-rp2040-neopixel.dir/C_/Users/BenjaminWoerfel/.pico-sdk/sdk/2.0.0/src/rp2_common/pico_runtime_init/runtime_init.c.obj
                0x10002054                runtime_init_install_ram_vector_table
 .text.start_all_ticks
                0x10002070       0x28 CMakeFiles/newton-rp2040-neopixel.dir/C_/Users/BenjaminWoerfel/.pico-sdk/sdk/2.0.0/src/rp2_common/pico_runtime_init/runtime_init_clocks.c.obj
 .text.runtime_init_clocks
                0x10002098       0xcc CMakeFiles/newton-rp2040-neopixel.dir/C_/Users/BenjaminWoerfel/.pico-sdk/sdk/2.0.0/src/rp2_common/pico_runtime_init/runtime_init_clocks.c.obj
                0x10002098                runtime_init_clocks
 .text          0x10002164       0x10 CMakeFiles/newton-rp2040-neopixel.dir/C_/Users/BenjaminWoerfel/.pico-sdk/sdk/2.0.0/src/rp2_common/pico_bit_ops/bit_ops_aeabi.S.obj
 .text.rom_func_lookup
                0x10002174       0x10 CMakeFiles/newton-rp2040-neopixel.dir/C_/Users/BenjaminWoerfel/.pico-sdk/sdk/2.0.0/src/rp2_common/pico_bootrom/bootrom.c.obj
                0x10002174                rom_func_lookup
 .text.rom_data_lookup
                0x10002184       0x10 CMakeFiles/newton-rp2040-neopixel.dir/C_/Users/BenjaminWoerfel/.pico-sdk/sdk/2.0.0/src/rp2_common/pico_bootrom/bootrom.c.obj
                0x10002184                rom_data_lookup
 .text.rom_funcs_lookup
                0x10002194       0x36 CMakeFiles/newton-rp2040-neopixel.dir/C_/Users/BenjaminWoerfel/.pico-sdk/sdk/2.0.0/src/rp2_common/pico_bootrom/bootrom.c.obj
                0x10002194                rom_funcs_lookup
 *fill*         0x100021ca        0x2 
 .text.rom_reset_usb_boot
                0x100021cc       0x18 CMakeFiles/newton-rp2040-neopixel.dir/C_/Users/BenjaminWoerfel/.pico-sdk/sdk/2.0.0/src/rp2_common/pico_bootrom/bootrom.c.obj
                0x100021cc                rom_reset_usb_boot
 .text.__wrap___aeabi_idiv
                0x100021e4       0x50 CMakeFiles/newton-rp2040-neopixel.dir/C_/Users/BenjaminWoerfel/.pico-sdk/sdk/2.0.0/src/rp2_common/pico_divider/divider_hardware.S.obj
                0x100021e4                __wrap___aeabi_idivmod
                0x100021e4                divmod_s32s32
                0x100021e4                div_s32s32
                0x100021e4                __wrap___aeabi_idiv
                0x100021ec                divmod_s32s32_unsafe
                0x10002218                divmod_s32s32_savestate
 .text.__wrap___aeabi_uidiv
                0x10002234       0x4c CMakeFiles/newton-rp2040-neopixel.dir/C_/Users/BenjaminWoerfel/.pico-sdk/sdk/2.0.0/src/rp2_common/pico_divider/divider_hardware.S.obj
                0x10002234                __wrap___aeabi_uidiv
                0x10002234                __wrap___aeabi_uidivmod
                0x10002234                div_u32u32
                0x10002234                divmod_u32u32
                0x1000223c                divmod_u32u32_unsafe
                0x10002264                divmod_u32u32_savestate
 .text.__wrap___aeabi_ldiv
                0x10002280      0x424 CMakeFiles/newton-rp2040-neopixel.dir/C_/Users/BenjaminWoerfel/.pico-sdk/sdk/2.0.0/src/rp2_common/pico_divider/divider_hardware.S.obj
                0x10002280                div_s64s64
                0x10002280                divmod_s64s64
                0x10002280                __wrap___aeabi_ldivmod
                0x100022b0                divmod_u64u64
                0x100022b0                div_u64u64
                0x100022b0                __wrap___aeabi_uldivmod
                0x100022c0                divmod_u64u64_savestate
                0x100022e0                divmod_s64s64_unsafe
                0x10002368                divmod_u64u64_unsafe
 .text.__wrap___aeabi_darithmetic
                0x100026a4       0x60 CMakeFiles/newton-rp2040-neopixel.dir/C_/Users/BenjaminWoerfel/.pico-sdk/sdk/2.0.0/src/rp2_common/pico_double/double_aeabi_rp2040.S.obj
                0x100026a4                __wrap___aeabi_drsub
                0x100026aa                __wrap___aeabi_dsub
                0x100026b4                __wrap___aeabi_dadd
                0x100026be                __wrap___aeabi_ddiv
                0x100026f2                __wrap___aeabi_dmul
 .text.__wrap___aeabi_cdcmple
                0x10002704       0x6c CMakeFiles/newton-rp2040-neopixel.dir/C_/Users/BenjaminWoerfel/.pico-sdk/sdk/2.0.0/src/rp2_common/pico_double/double_aeabi_rp2040.S.obj
                0x10002704                __wrap___aeabi_cdrcmple
                0x10002714                __wrap___aeabi_cdcmpeq
                0x10002714                __wrap___aeabi_cdcmple
 .text.__wrap___aeabi_dcmplt
                0x10002770        0xc CMakeFiles/newton-rp2040-neopixel.dir/C_/Users/BenjaminWoerfel/.pico-sdk/sdk/2.0.0/src/rp2_common/pico_double/double_aeabi_rp2040.S.obj
                0x10002770                __wrap___aeabi_dcmplt
 .text.__wrap___aeabi_dcmple
                0x1000277c       0x10 CMakeFiles/newton-rp2040-neopixel.dir/C_/Users/BenjaminWoerfel/.pico-sdk/sdk/2.0.0/src/rp2_common/pico_double/double_aeabi_rp2040.S.obj
                0x1000277c                __wrap___aeabi_dcmple
 .text.__wrap___aeabi_dcmpge
                0x1000278c       0x10 CMakeFiles/newton-rp2040-neopixel.dir/C_/Users/BenjaminWoerfel/.pico-sdk/sdk/2.0.0/src/rp2_common/pico_double/double_aeabi_rp2040.S.obj
                0x1000278c                __wrap___aeabi_dcmpge
 .text.__wrap___aeabi_dcmpgt
                0x1000279c        0xa CMakeFiles/newton-rp2040-neopixel.dir/C_/Users/BenjaminWoerfel/.pico-sdk/sdk/2.0.0/src/rp2_common/pico_double/double_aeabi_rp2040.S.obj
                0x1000279c                __wrap___aeabi_dcmpgt
 .text.__wrap___aeabi_dcmpun
                0x100027a6       0x18 CMakeFiles/newton-rp2040-neopixel.dir/C_/Users/BenjaminWoerfel/.pico-sdk/sdk/2.0.0/src/rp2_common/pico_double/double_aeabi_rp2040.S.obj
                0x100027a6                __wrap___aeabi_dcmpun
 *fill*         0x100027be        0x2 
 .text.__wrap___aeabi_i2d
                0x100027c0       0x38 CMakeFiles/newton-rp2040-neopixel.dir/C_/Users/BenjaminWoerfel/.pico-sdk/sdk/2.0.0/src/rp2_common/pico_double/double_aeabi_rp2040.S.obj
                0x100027c0                __wrap___aeabi_ui2d
                0x100027c8                __wrap___aeabi_i2d
 .text.__wrap___aeabi_d2iz
                0x100027f8       0x48 CMakeFiles/newton-rp2040-neopixel.dir/C_/Users/BenjaminWoerfel/.pico-sdk/sdk/2.0.0/src/rp2_common/pico_double/double_aeabi_rp2040.S.obj
                0x100027f8                double2int_z
                0x100027f8                __wrap___aeabi_d2iz
 .text.__wrap___aeabi_d2uiz
                0x10002840       0x10 CMakeFiles/newton-rp2040-neopixel.dir/C_/Users/BenjaminWoerfel/.pico-sdk/sdk/2.0.0/src/rp2_common/pico_double/double_aeabi_rp2040.S.obj
                0x10002840                __wrap___aeabi_d2uiz
                0x10002840                double2uint
 .text.__wrap___aeabi_d2f
                0x10002850       0x10 CMakeFiles/newton-rp2040-neopixel.dir/C_/Users/BenjaminWoerfel/.pico-sdk/sdk/2.0.0/src/rp2_common/pico_double/double_aeabi_rp2040.S.obj
                0x10002850                __wrap___aeabi_d2f
 .text.missing_double_func_shim
                0x10002860        0xc CMakeFiles/newton-rp2040-neopixel.dir/C_/Users/BenjaminWoerfel/.pico-sdk/sdk/2.0.0/src/rp2_common/pico_double/double_init_rom_rp2040.c.obj
 .text.__aeabi_double_init
                0x1000286c       0xd0 CMakeFiles/newton-rp2040-neopixel.dir/C_/Users/BenjaminWoerfel/.pico-sdk/sdk/2.0.0/src/rp2_common/pico_double/double_init_rom_rp2040.c.obj
                0x1000286c                __aeabi_double_init
 .text.double_table_shim_on_use_helper
                0x1000293c       0x34 CMakeFiles/newton-rp2040-neopixel.dir/C_/Users/BenjaminWoerfel/.pico-sdk/sdk/2.0.0/src/rp2_common/pico_double/double_v1_rom_shim_rp2040.S.obj
                0x1000293c                double_table_shim_on_use_helper
 .text.__aeabi_lmul
                0x10002970       0x32 CMakeFiles/newton-rp2040-neopixel.dir/C_/Users/BenjaminWoerfel/.pico-sdk/sdk/2.0.0/src/rp2_common/pico_int64_ops/pico_int64_ops_aeabi.S.obj
                0x10002970                __wrap___aeabi_lmul
 *fill*         0x100029a2        0x2 
 .text.__wrap___aeabi_farithmetic
                0x100029a4       0x48 CMakeFiles/newton-rp2040-neopixel.dir/C_/Users/BenjaminWoerfel/.pico-sdk/sdk/2.0.0/src/rp2_common/pico_float/float_aeabi_rp2040.S.obj
                0x100029a4                __wrap___aeabi_frsub
                0x100029aa                __wrap___aeabi_fsub
                0x100029b0                __wrap___aeabi_fadd
                0x100029b6                __wrap___aeabi_fdiv
                0x100029de                __wrap___aeabi_fmul
 .text.__wrap___aeabi_ui2f
                0x100029ec        0xa CMakeFiles/newton-rp2040-neopixel.dir/C_/Users/BenjaminWoerfel/.pico-sdk/sdk/2.0.0/src/rp2_common/pico_float/float_aeabi_rp2040.S.obj
                0x100029ec                __wrap___aeabi_ui2f
                0x100029ec                uint2float
 *fill*         0x100029f6        0x2 
 .text.__wrap___aeabi_i2f
                0x100029f8       0x44 CMakeFiles/newton-rp2040-neopixel.dir/C_/Users/BenjaminWoerfel/.pico-sdk/sdk/2.0.0/src/rp2_common/pico_float/float_aeabi_rp2040.S.obj
                0x100029f8                __wrap___aeabi_i2f
                0x100029f8                int2float
 .text.__wrap___aeabi_f2uiz
                0x10002a3c        0xc CMakeFiles/newton-rp2040-neopixel.dir/C_/Users/BenjaminWoerfel/.pico-sdk/sdk/2.0.0/src/rp2_common/pico_float/float_aeabi_rp2040.S.obj
                0x10002a3c                __wrap___aeabi_f2uiz
                0x10002a3c                float2uint_z
 .text.__wrap___aeabi_f2d
                0x10002a48        0xc CMakeFiles/newton-rp2040-neopixel.dir/C_/Users/BenjaminWoerfel/.pico-sdk/sdk/2.0.0/src/rp2_common/pico_float/float_aeabi_rp2040.S.obj
                0x10002a48                __wrap___aeabi_f2d
 .text.missing_float_func_shim
                0x10002a54        0xc CMakeFiles/newton-rp2040-neopixel.dir/C_/Users/BenjaminWoerfel/.pico-sdk/sdk/2.0.0/src/rp2_common/pico_float/float_init_rom_rp2040.c.obj
 .text.__aeabi_float_init
                0x10002a60       0x88 CMakeFiles/newton-rp2040-neopixel.dir/C_/Users/BenjaminWoerfel/.pico-sdk/sdk/2.0.0/src/rp2_common/pico_float/float_init_rom_rp2040.c.obj
                0x10002a60                __aeabi_float_init
 .text          0x10002ae8       0x10 CMakeFiles/newton-rp2040-neopixel.dir/C_/Users/BenjaminWoerfel/.pico-sdk/sdk/2.0.0/src/rp2_common/pico_mem_ops/mem_ops_aeabi.S.obj
                0x10002ae8                __aeabi_mem_init
 .text.memset   0x10002af8        0xc CMakeFiles/newton-rp2040-neopixel.dir/C_/Users/BenjaminWoerfel/.pico-sdk/sdk/2.0.0/src/rp2_common/pico_mem_ops/mem_ops_aeabi.S.obj
                0x10002af8                __wrap_memset
 .text.memcpy   0x10002b04        0xc CMakeFiles/newton-rp2040-neopixel.dir/C_/Users/BenjaminWoerfel/.pico-sdk/sdk/2.0.0/src/rp2_common/pico_mem_ops/mem_ops_aeabi.S.obj
                0x10002b04                __wrap_memcpy
                0x10002b04                __wrap___aeabi_memcpy
 .text._out_null
                0x10002b10        0x2 CMakeFiles/newton-rp2040-neopixel.dir/C_/Users/BenjaminWoerfel/.pico-sdk/sdk/2.0.0/src/rp2_common/pico_printf/printf.c.obj
 .text._out_fct
                0x10002b12        0xe CMakeFiles/newton-rp2040-neopixel.dir/C_/Users/BenjaminWoerfel/.pico-sdk/sdk/2.0.0/src/rp2_common/pico_printf/printf.c.obj
 .text._atoi    0x10002b20       0x24 CMakeFiles/newton-rp2040-neopixel.dir/C_/Users/BenjaminWoerfel/.pico-sdk/sdk/2.0.0/src/rp2_common/pico_printf/printf.c.obj
 .text._out_rev
                0x10002b44       0xae CMakeFiles/newton-rp2040-neopixel.dir/C_/Users/BenjaminWoerfel/.pico-sdk/sdk/2.0.0/src/rp2_common/pico_printf/printf.c.obj
 .text._ntoa_format
                0x10002bf2      0x110 CMakeFiles/newton-rp2040-neopixel.dir/C_/Users/BenjaminWoerfel/.pico-sdk/sdk/2.0.0/src/rp2_common/pico_printf/printf.c.obj
 .text._ntoa_long
                0x10002d02       0xbc CMakeFiles/newton-rp2040-neopixel.dir/C_/Users/BenjaminWoerfel/.pico-sdk/sdk/2.0.0/src/rp2_common/pico_printf/printf.c.obj
 .text._ntoa_long_long
                0x10002dbe      0x10e CMakeFiles/newton-rp2040-neopixel.dir/C_/Users/BenjaminWoerfel/.pico-sdk/sdk/2.0.0/src/rp2_common/pico_printf/printf.c.obj
 .text._etoa    0x10002ecc      0x420 CMakeFiles/newton-rp2040-neopixel.dir/C_/Users/BenjaminWoerfel/.pico-sdk/sdk/2.0.0/src/rp2_common/pico_printf/printf.c.obj
 .text._ftoa    0x100032ec      0x354 CMakeFiles/newton-rp2040-neopixel.dir/C_/Users/BenjaminWoerfel/.pico-sdk/sdk/2.0.0/src/rp2_common/pico_printf/printf.c.obj
 .text._vsnprintf
                0x10003640      0x668 CMakeFiles/newton-rp2040-neopixel.dir/C_/Users/BenjaminWoerfel/.pico-sdk/sdk/2.0.0/src/rp2_common/pico_printf/printf.c.obj
 .text.vfctprintf
                0x10003ca8       0x20 CMakeFiles/newton-rp2040-neopixel.dir/C_/Users/BenjaminWoerfel/.pico-sdk/sdk/2.0.0/src/rp2_common/pico_printf/printf.c.obj
                0x10003ca8                vfctprintf
 .text._exit    0x10003cc8        0x4 CMakeFiles/newton-rp2040-neopixel.dir/C_/Users/BenjaminWoerfel/.pico-sdk/sdk/2.0.0/src/rp2_common/pico_clib_interface/newlib_interface.c.obj
                0x10003cc8                _exit
 .text.exit     0x10003ccc        0x6 CMakeFiles/newton-rp2040-neopixel.dir/C_/Users/BenjaminWoerfel/.pico-sdk/sdk/2.0.0/src/rp2_common/pico_clib_interface/newlib_interface.c.obj
                0x10003ccc                exit
 *fill*         0x10003cd2        0x2 
 .text.__assert_func
                0x10003cd4       0x38 CMakeFiles/newton-rp2040-neopixel.dir/C_/Users/BenjaminWoerfel/.pico-sdk/sdk/2.0.0/src/rp2_common/pico_clib_interface/newlib_interface.c.obj
                0x10003cd4                __assert_func
 .text.runtime_init
                0x10003d0c       0x28 CMakeFiles/newton-rp2040-neopixel.dir/C_/Users/BenjaminWoerfel/.pico-sdk/sdk/2.0.0/src/rp2_common/pico_clib_interface/newlib_interface.c.obj
                0x10003d0c                runtime_init
 .text.stdio_out_chars_no_crlf
                0x10003d34        0xe CMakeFiles/newton-rp2040-neopixel.dir/C_/Users/BenjaminWoerfel/.pico-sdk/sdk/2.0.0/src/rp2_common/pico_stdio/stdio.c.obj
 *fill*         0x10003d42        0x2 
 .text.stdio_out_chars_crlf
                0x10003d44       0x80 CMakeFiles/newton-rp2040-neopixel.dir/C_/Users/BenjaminWoerfel/.pico-sdk/sdk/2.0.0/src/rp2_common/pico_stdio/stdio.c.obj
 .text.stdio_stack_buffer_flush
                0x10003dc4       0x44 CMakeFiles/newton-rp2040-neopixel.dir/C_/Users/BenjaminWoerfel/.pico-sdk/sdk/2.0.0/src/rp2_common/pico_stdio/stdio.c.obj
 .text.stdio_buffered_printer
                0x10003e08       0x20 CMakeFiles/newton-rp2040-neopixel.dir/C_/Users/BenjaminWoerfel/.pico-sdk/sdk/2.0.0/src/rp2_common/pico_stdio/stdio.c.obj
 .text.stdout_serialize_begin
                0x10003e28       0x30 CMakeFiles/newton-rp2040-neopixel.dir/C_/Users/BenjaminWoerfel/.pico-sdk/sdk/2.0.0/src/rp2_common/pico_stdio/stdio.c.obj
                0x10003e28                stdout_serialize_begin
 .text.stdout_serialize_end
                0x10003e58       0x10 CMakeFiles/newton-rp2040-neopixel.dir/C_/Users/BenjaminWoerfel/.pico-sdk/sdk/2.0.0/src/rp2_common/pico_stdio/stdio.c.obj
                0x10003e58                stdout_serialize_end
 .text.stdio_put_string
                0x10003e68       0x94 CMakeFiles/newton-rp2040-neopixel.dir/C_/Users/BenjaminWoerfel/.pico-sdk/sdk/2.0.0/src/rp2_common/pico_stdio/stdio.c.obj
                0x10003e68                stdio_put_string
 .text.stdio_set_driver_enabled
                0x10003efc       0x2c CMakeFiles/newton-rp2040-neopixel.dir/C_/Users/BenjaminWoerfel/.pico-sdk/sdk/2.0.0/src/rp2_common/pico_stdio/stdio.c.obj
                0x10003efc                stdio_set_driver_enabled
 .text.stdio_flush
                0x10003f28       0x20 CMakeFiles/newton-rp2040-neopixel.dir/C_/Users/BenjaminWoerfel/.pico-sdk/sdk/2.0.0/src/rp2_common/pico_stdio/stdio.c.obj
                0x10003f28                stdio_flush
 .text.stdio_init_all
                0x10003f48        0xe CMakeFiles/newton-rp2040-neopixel.dir/C_/Users/BenjaminWoerfel/.pico-sdk/sdk/2.0.0/src/rp2_common/pico_stdio/stdio.c.obj
                0x10003f48                stdio_init_all
 .text.__wrap_puts
                0x10003f56       0x1e CMakeFiles/newton-rp2040-neopixel.dir/C_/Users/BenjaminWoerfel/.pico-sdk/sdk/2.0.0/src/rp2_common/pico_stdio/stdio.c.obj
                0x10003f56                stdio_puts
                0x10003f56                __wrap_puts
 .text.__wrap_vprintf
                0x10003f74       0x40 CMakeFiles/newton-rp2040-neopixel.dir/C_/Users/BenjaminWoerfel/.pico-sdk/sdk/2.0.0/src/rp2_common/pico_stdio/stdio.c.obj
                0x10003f74                stdio_vprintf
                0x10003f74                __wrap_vprintf
 .text.__wrap_printf
                0x10003fb4       0x18 CMakeFiles/newton-rp2040-neopixel.dir/C_/Users/BenjaminWoerfel/.pico-sdk/sdk/2.0.0/src/rp2_common/pico_stdio/stdio.c.obj
                0x10003fb4                __wrap_printf
                0x10003fb4                stdio_printf
 .text.uart_putc
                0x10003fcc       0x60 CMakeFiles/newton-rp2040-neopixel.dir/C_/Users/BenjaminWoerfel/.pico-sdk/sdk/2.0.0/src/rp2_common/pico_stdio_uart/stdio_uart.c.obj
 .text.uart_getc
                0x1000402c       0x24 CMakeFiles/newton-rp2040-neopixel.dir/C_/Users/BenjaminWoerfel/.pico-sdk/sdk/2.0.0/src/rp2_common/pico_stdio_uart/stdio_uart.c.obj
 .text.stdio_uart_out_chars
                0x10004050       0x20 CMakeFiles/newton-rp2040-neopixel.dir/C_/Users/BenjaminWoerfel/.pico-sdk/sdk/2.0.0/src/rp2_common/pico_stdio_uart/stdio_uart.c.obj
 .text.stdio_uart_in_chars
                0x10004070       0x5c CMakeFiles/newton-rp2040-neopixel.dir/C_/Users/BenjaminWoerfel/.pico-sdk/sdk/2.0.0/src/rp2_common/pico_stdio_uart/stdio_uart.c.obj
                0x10004070                stdio_uart_in_chars
 .text.on_uart_rx
                0x100040cc       0x28 CMakeFiles/newton-rp2040-neopixel.dir/C_/Users/BenjaminWoerfel/.pico-sdk/sdk/2.0.0/src/rp2_common/pico_stdio_uart/stdio_uart.c.obj
 .text.stdio_uart_out_flush
                0x100040f4       0x10 CMakeFiles/newton-rp2040-neopixel.dir/C_/Users/BenjaminWoerfel/.pico-sdk/sdk/2.0.0/src/rp2_common/pico_stdio_uart/stdio_uart.c.obj
 .text.stdio_uart_set_chars_available_callback
                0x10004104       0x8c CMakeFiles/newton-rp2040-neopixel.dir/C_/Users/BenjaminWoerfel/.pico-sdk/sdk/2.0.0/src/rp2_common/pico_stdio_uart/stdio_uart.c.obj
 .text.stdio_uart_init_full
                0x10004190       0x44 CMakeFiles/newton-rp2040-neopixel.dir/C_/Users/BenjaminWoerfel/.pico-sdk/sdk/2.0.0/src/rp2_common/pico_stdio_uart/stdio_uart.c.obj
                0x10004190                stdio_uart_init_full
 .text.stdio_uart_init
                0x100041d4       0x30 CMakeFiles/newton-rp2040-neopixel.dir/C_/Users/BenjaminWoerfel/.pico-sdk/sdk/2.0.0/src/rp2_common/pico_stdio_uart/stdio_uart.c.obj
                0x100041d4                stdio_uart_init
 .text.pio_get_default_sm_config
                0x10004204       0x28 CMakeFiles/newton-rp2040-neopixel.dir/C_/Users/BenjaminWoerfel/.pico-sdk/sdk/2.0.0/src/rp2_common/hardware_pio/pio.c.obj
 .text.is_program_gpio_compatible
                0x1000422c        0x4 CMakeFiles/newton-rp2040-neopixel.dir/C_/Users/BenjaminWoerfel/.pico-sdk/sdk/2.0.0/src/rp2_common/hardware_pio/pio.c.obj
 .text.add_program_at_offset_check
                0x10004230       0x64 CMakeFiles/newton-rp2040-neopixel.dir/C_/Users/BenjaminWoerfel/.pico-sdk/sdk/2.0.0/src/rp2_common/hardware_pio/pio.c.obj
 .text.add_program_at_offset
                0x10004294       0x60 CMakeFiles/newton-rp2040-neopixel.dir/C_/Users/BenjaminWoerfel/.pico-sdk/sdk/2.0.0/src/rp2_common/hardware_pio/pio.c.obj
 .text.find_offset_for_program
                0x100042f4       0x7c CMakeFiles/newton-rp2040-neopixel.dir/C_/Users/BenjaminWoerfel/.pico-sdk/sdk/2.0.0/src/rp2_common/hardware_pio/pio.c.obj
 .text.pio_add_program
                0x10004370       0x30 CMakeFiles/newton-rp2040-neopixel.dir/C_/Users/BenjaminWoerfel/.pico-sdk/sdk/2.0.0/src/rp2_common/hardware_pio/pio.c.obj
                0x10004370                pio_add_program
 .text.pio_sm_set_consecutive_pindirs
                0x100043a0       0xb4 CMakeFiles/newton-rp2040-neopixel.dir/C_/Users/BenjaminWoerfel/.pico-sdk/sdk/2.0.0/src/rp2_common/hardware_pio/pio.c.obj
                0x100043a0                pio_sm_set_consecutive_pindirs
 .text.pio_sm_init
                0x10004454       0xb4 CMakeFiles/newton-rp2040-neopixel.dir/C_/Users/BenjaminWoerfel/.pico-sdk/sdk/2.0.0/src/rp2_common/hardware_pio/pio.c.obj
                0x10004454                pio_sm_init
 .text.resetd_init
                0x10004508        0x2 CMakeFiles/newton-rp2040-neopixel.dir/C_/Users/BenjaminWoerfel/.pico-sdk/sdk/2.0.0/src/rp2_common/pico_stdio_usb/reset_interface.c.obj
 *fill*         0x1000450a        0x2 
 .text.resetd_reset
                0x1000450c        0xc CMakeFiles/newton-rp2040-neopixel.dir/C_/Users/BenjaminWoerfel/.pico-sdk/sdk/2.0.0/src/rp2_common/pico_stdio_usb/reset_interface.c.obj
 .text.resetd_open
                0x10004518       0x34 CMakeFiles/newton-rp2040-neopixel.dir/C_/Users/BenjaminWoerfel/.pico-sdk/sdk/2.0.0/src/rp2_common/pico_stdio_usb/reset_interface.c.obj
 .text.resetd_xfer_cb
                0x1000454c        0x4 CMakeFiles/newton-rp2040-neopixel.dir/C_/Users/BenjaminWoerfel/.pico-sdk/sdk/2.0.0/src/rp2_common/pico_stdio_usb/reset_interface.c.obj
 .text.resetd_control_xfer_cb
                0x10004550       0x5c CMakeFiles/newton-rp2040-neopixel.dir/C_/Users/BenjaminWoerfel/.pico-sdk/sdk/2.0.0/src/rp2_common/pico_stdio_usb/reset_interface.c.obj
 .text.tud_descriptor_bos_cb
                0x100045ac        0x8 CMakeFiles/newton-rp2040-neopixel.dir/C_/Users/BenjaminWoerfel/.pico-sdk/sdk/2.0.0/src/rp2_common/pico_stdio_usb/reset_interface.c.obj
                0x100045ac                tud_descriptor_bos_cb
 .text.tud_vendor_control_xfer_cb
                0x100045b4       0x38 CMakeFiles/newton-rp2040-neopixel.dir/C_/Users/BenjaminWoerfel/.pico-sdk/sdk/2.0.0/src/rp2_common/pico_stdio_usb/reset_interface.c.obj
                0x100045b4                tud_vendor_control_xfer_cb
 .text.usbd_app_driver_get_cb
                0x100045ec        0xc CMakeFiles/newton-rp2040-neopixel.dir/C_/Users/BenjaminWoerfel/.pico-sdk/sdk/2.0.0/src/rp2_common/pico_stdio_usb/reset_interface.c.obj
                0x100045ec                usbd_app_driver_get_cb
 .text.tud_cdc_line_coding_cb
                0x100045f8       0x28 CMakeFiles/newton-rp2040-neopixel.dir/C_/Users/BenjaminWoerfel/.pico-sdk/sdk/2.0.0/src/rp2_common/pico_stdio_usb/reset_interface.c.obj
                0x100045f8                tud_cdc_line_coding_cb
 .text.stdio_usb_set_chars_available_callback
                0x10004620       0x14 CMakeFiles/newton-rp2040-neopixel.dir/C_/Users/BenjaminWoerfel/.pico-sdk/sdk/2.0.0/src/rp2_common/pico_stdio_usb/stdio_usb.c.obj
                0x10004620                stdio_usb_set_chars_available_callback
 .text.stdio_usb_out_flush
                0x10004634       0x4c CMakeFiles/newton-rp2040-neopixel.dir/C_/Users/BenjaminWoerfel/.pico-sdk/sdk/2.0.0/src/rp2_common/pico_stdio_usb/stdio_usb.c.obj
 .text.usb_irq  0x10004680       0x10 CMakeFiles/newton-rp2040-neopixel.dir/C_/Users/BenjaminWoerfel/.pico-sdk/sdk/2.0.0/src/rp2_common/pico_stdio_usb/stdio_usb.c.obj
 .text.critical_section_enter_blocking
                0x10004690       0x16 CMakeFiles/newton-rp2040-neopixel.dir/C_/Users/BenjaminWoerfel/.pico-sdk/sdk/2.0.0/src/rp2_common/pico_stdio_usb/stdio_usb.c.obj
 *fill*         0x100046a6        0x2 
 .text.timer_task
                0x100046a8       0x60 CMakeFiles/newton-rp2040-neopixel.dir/C_/Users/BenjaminWoerfel/.pico-sdk/sdk/2.0.0/src/rp2_common/pico_stdio_usb/stdio_usb.c.obj
 .text.alarm_pool_add_alarm_in_us
                0x10004708       0x40 CMakeFiles/newton-rp2040-neopixel.dir/C_/Users/BenjaminWoerfel/.pico-sdk/sdk/2.0.0/src/rp2_common/pico_stdio_usb/stdio_usb.c.obj
 .text.add_alarm_in_us
                0x10004748       0x2e CMakeFiles/newton-rp2040-neopixel.dir/C_/Users/BenjaminWoerfel/.pico-sdk/sdk/2.0.0/src/rp2_common/pico_stdio_usb/stdio_usb.c.obj
 *fill*         0x10004776        0x2 
 .text.low_priority_worker_irq
                0x10004778       0xa0 CMakeFiles/newton-rp2040-neopixel.dir/C_/Users/BenjaminWoerfel/.pico-sdk/sdk/2.0.0/src/rp2_common/pico_stdio_usb/stdio_usb.c.obj
 .text.stdio_usb_init
                0x10004818       0xdc CMakeFiles/newton-rp2040-neopixel.dir/C_/Users/BenjaminWoerfel/.pico-sdk/sdk/2.0.0/src/rp2_common/pico_stdio_usb/stdio_usb.c.obj
                0x10004818                stdio_usb_init
 .text.stdio_usb_connected
                0x100048f4        0xa CMakeFiles/newton-rp2040-neopixel.dir/C_/Users/BenjaminWoerfel/.pico-sdk/sdk/2.0.0/src/rp2_common/pico_stdio_usb/stdio_usb.c.obj
                0x100048f4                stdio_usb_connected
 *fill*         0x100048fe        0x2 
 .text.stdio_usb_in_chars
                0x10004900       0x98 CMakeFiles/newton-rp2040-neopixel.dir/C_/Users/BenjaminWoerfel/.pico-sdk/sdk/2.0.0/src/rp2_common/pico_stdio_usb/stdio_usb.c.obj
                0x10004900                stdio_usb_in_chars
 .text.stdio_usb_out_chars
                0x10004998       0xe8 CMakeFiles/newton-rp2040-neopixel.dir/C_/Users/BenjaminWoerfel/.pico-sdk/sdk/2.0.0/src/rp2_common/pico_stdio_usb/stdio_usb.c.obj
 .text.tud_descriptor_device_cb
                0x10004a80        0x8 CMakeFiles/newton-rp2040-neopixel.dir/C_/Users/BenjaminWoerfel/.pico-sdk/sdk/2.0.0/src/rp2_common/pico_stdio_usb/stdio_usb_descriptors.c.obj
                0x10004a80                tud_descriptor_device_cb
 .text.tud_descriptor_configuration_cb
                0x10004a88        0x8 CMakeFiles/newton-rp2040-neopixel.dir/C_/Users/BenjaminWoerfel/.pico-sdk/sdk/2.0.0/src/rp2_common/pico_stdio_usb/stdio_usb_descriptors.c.obj
                0x10004a88                tud_descriptor_configuration_cb
 .text.tud_descriptor_string_cb
                0x10004a90       0x6c CMakeFiles/newton-rp2040-neopixel.dir/C_/Users/BenjaminWoerfel/.pico-sdk/sdk/2.0.0/src/rp2_common/pico_stdio_usb/stdio_usb_descriptors.c.obj
                0x10004a90                tud_descriptor_string_cb
 .text._retrieve_unique_id_on_boot
                0x10004afc       0x10 CMakeFiles/newton-rp2040-neopixel.dir/C_/Users/BenjaminWoerfel/.pico-sdk/sdk/2.0.0/src/rp2_common/pico_unique_id/unique_id.c.obj
 .text.pico_get_unique_board_id_string
                0x10004b0c       0x5c CMakeFiles/newton-rp2040-neopixel.dir/C_/Users/BenjaminWoerfel/.pico-sdk/sdk/2.0.0/src/rp2_common/pico_unique_id/unique_id.c.obj
                0x10004b0c                pico_get_unique_board_id_string
 .text.flash_get_unique_id
                0x10004b68       0x40 CMakeFiles/newton-rp2040-neopixel.dir/C_/Users/BenjaminWoerfel/.pico-sdk/sdk/2.0.0/src/rp2_common/hardware_flash/flash.c.obj
                0x10004b68                flash_get_unique_id
 .text._hw_endpoint_alloc
                0x10004ba8       0x70 CMakeFiles/newton-rp2040-neopixel.dir/C_/Users/BenjaminWoerfel/.pico-sdk/sdk/2.0.0/lib/tinyusb/src/portable/raspberrypi/rp2040/dcd_rp2040.c.obj
 .text.hw_endpoint_init
                0x10004c18       0xbc CMakeFiles/newton-rp2040-neopixel.dir/C_/Users/BenjaminWoerfel/.pico-sdk/sdk/2.0.0/lib/tinyusb/src/portable/raspberrypi/rp2040/dcd_rp2040.c.obj
 .text.hw_endpoint_xfer
                0x10004cd4       0x20 CMakeFiles/newton-rp2040-neopixel.dir/C_/Users/BenjaminWoerfel/.pico-sdk/sdk/2.0.0/lib/tinyusb/src/portable/raspberrypi/rp2040/dcd_rp2040.c.obj
 .text.dcd_int_enable
                0x10004cf4       0x2c CMakeFiles/newton-rp2040-neopixel.dir/C_/Users/BenjaminWoerfel/.pico-sdk/sdk/2.0.0/lib/tinyusb/src/portable/raspberrypi/rp2040/dcd_rp2040.c.obj
                0x10004cf4                dcd_int_enable
 .text.dcd_set_address
                0x10004d20       0x2c CMakeFiles/newton-rp2040-neopixel.dir/C_/Users/BenjaminWoerfel/.pico-sdk/sdk/2.0.0/lib/tinyusb/src/portable/raspberrypi/rp2040/dcd_rp2040.c.obj
                0x10004d20                dcd_set_address
 .text.dcd_connect
                0x10004d4c       0x10 CMakeFiles/newton-rp2040-neopixel.dir/C_/Users/BenjaminWoerfel/.pico-sdk/sdk/2.0.0/lib/tinyusb/src/portable/raspberrypi/rp2040/dcd_rp2040.c.obj
                0x10004d4c                dcd_connect
 .text.dcd_init
                0x10004d5c       0x80 CMakeFiles/newton-rp2040-neopixel.dir/C_/Users/BenjaminWoerfel/.pico-sdk/sdk/2.0.0/lib/tinyusb/src/portable/raspberrypi/rp2040/dcd_rp2040.c.obj
                0x10004d5c                dcd_init
 .text.dcd_sof_enable
                0x10004ddc       0x1c CMakeFiles/newton-rp2040-neopixel.dir/C_/Users/BenjaminWoerfel/.pico-sdk/sdk/2.0.0/lib/tinyusb/src/portable/raspberrypi/rp2040/dcd_rp2040.c.obj
                0x10004ddc                dcd_sof_enable
 .text.dcd_edpt0_status_complete
                0x10004df8       0x1c CMakeFiles/newton-rp2040-neopixel.dir/C_/Users/BenjaminWoerfel/.pico-sdk/sdk/2.0.0/lib/tinyusb/src/portable/raspberrypi/rp2040/dcd_rp2040.c.obj
                0x10004df8                dcd_edpt0_status_complete
 .text.dcd_edpt_open
                0x10004e14       0x40 CMakeFiles/newton-rp2040-neopixel.dir/C_/Users/BenjaminWoerfel/.pico-sdk/sdk/2.0.0/lib/tinyusb/src/portable/raspberrypi/rp2040/dcd_rp2040.c.obj
                0x10004e14                dcd_edpt_open
 .text.dcd_edpt_close_all
                0x10004e54        0x8 CMakeFiles/newton-rp2040-neopixel.dir/C_/Users/BenjaminWoerfel/.pico-sdk/sdk/2.0.0/lib/tinyusb/src/portable/raspberrypi/rp2040/dcd_rp2040.c.obj
                0x10004e54                dcd_edpt_close_all
 .text.dcd_edpt_xfer
                0x10004e5c       0x30 CMakeFiles/newton-rp2040-neopixel.dir/C_/Users/BenjaminWoerfel/.pico-sdk/sdk/2.0.0/lib/tinyusb/src/portable/raspberrypi/rp2040/dcd_rp2040.c.obj
                0x10004e5c                dcd_edpt_xfer
 .text.dcd_edpt_stall
                0x10004e8c       0x3c CMakeFiles/newton-rp2040-neopixel.dir/C_/Users/BenjaminWoerfel/.pico-sdk/sdk/2.0.0/lib/tinyusb/src/portable/raspberrypi/rp2040/dcd_rp2040.c.obj
                0x10004e8c                dcd_edpt_stall
 .text.dcd_edpt_clear_stall
                0x10004ec8       0x30 CMakeFiles/newton-rp2040-neopixel.dir/C_/Users/BenjaminWoerfel/.pico-sdk/sdk/2.0.0/lib/tinyusb/src/portable/raspberrypi/rp2040/dcd_rp2040.c.obj
                0x10004ec8                dcd_edpt_clear_stall
 .text.unaligned_memcpy
                0x10004ef8       0x14 CMakeFiles/newton-rp2040-neopixel.dir/C_/Users/BenjaminWoerfel/.pico-sdk/sdk/2.0.0/lib/tinyusb/src/portable/raspberrypi/rp2040/rp2040_usb.c.obj
 .text.rp2040_usb_init
                0x10004f0c       0x44 CMakeFiles/newton-rp2040-neopixel.dir/C_/Users/BenjaminWoerfel/.pico-sdk/sdk/2.0.0/lib/tinyusb/src/portable/raspberrypi/rp2040/rp2040_usb.c.obj
                0x10004f0c                rp2040_usb_init
 .text.hw_endpoint_xfer_start
                0x10004f50       0x60 CMakeFiles/newton-rp2040-neopixel.dir/C_/Users/BenjaminWoerfel/.pico-sdk/sdk/2.0.0/lib/tinyusb/src/portable/raspberrypi/rp2040/rp2040_usb.c.obj
                0x10004f50                hw_endpoint_xfer_start
 .text.configuration_reset
                0x10004fb0       0x84 CMakeFiles/newton-rp2040-neopixel.dir/C_/Users/BenjaminWoerfel/.pico-sdk/sdk/2.0.0/lib/tinyusb/src/device/usbd.c.obj
 .text.critical_section_enter_blocking
                0x10005034       0x16 CMakeFiles/newton-rp2040-neopixel.dir/C_/Users/BenjaminWoerfel/.pico-sdk/sdk/2.0.0/lib/tinyusb/src/device/usbd.c.obj
 .text.usbd_reset
                0x1000504a        0xc CMakeFiles/newton-rp2040-neopixel.dir/C_/Users/BenjaminWoerfel/.pico-sdk/sdk/2.0.0/lib/tinyusb/src/device/usbd.c.obj
 .text.invoke_class_control
                0x10005056       0x1a CMakeFiles/newton-rp2040-neopixel.dir/C_/Users/BenjaminWoerfel/.pico-sdk/sdk/2.0.0/lib/tinyusb/src/device/usbd.c.obj
 .text.process_set_config
                0x10005070      0x1b0 CMakeFiles/newton-rp2040-neopixel.dir/C_/Users/BenjaminWoerfel/.pico-sdk/sdk/2.0.0/lib/tinyusb/src/device/usbd.c.obj
 .text.tud_event_hook_cb
                0x10005220        0x2 CMakeFiles/newton-rp2040-neopixel.dir/C_/Users/BenjaminWoerfel/.pico-sdk/sdk/2.0.0/lib/tinyusb/src/device/usbd.c.obj
                0x10005220                tud_event_hook_cb
 .text.tud_sof_cb
                0x10005222        0x2 CMakeFiles/newton-rp2040-neopixel.dir/C_/Users/BenjaminWoerfel/.pico-sdk/sdk/2.0.0/lib/tinyusb/src/device/usbd.c.obj
                0x10005222                tud_sof_cb
 .text.tud_descriptor_device_qualifier_cb
                0x10005224        0x4 CMakeFiles/newton-rp2040-neopixel.dir/C_/Users/BenjaminWoerfel/.pico-sdk/sdk/2.0.0/lib/tinyusb/src/device/usbd.c.obj
                0x10005224                tud_descriptor_device_qualifier_cb
 .text.tud_descriptor_other_speed_configuration_cb
                0x10005228        0x4 CMakeFiles/newton-rp2040-neopixel.dir/C_/Users/BenjaminWoerfel/.pico-sdk/sdk/2.0.0/lib/tinyusb/src/device/usbd.c.obj
                0x10005228                tud_descriptor_other_speed_configuration_cb
 .text.process_get_descriptor
                0x1000522c       0xe0 CMakeFiles/newton-rp2040-neopixel.dir/C_/Users/BenjaminWoerfel/.pico-sdk/sdk/2.0.0/lib/tinyusb/src/device/usbd.c.obj
 .text.tud_mount_cb
                0x1000530c        0x2 CMakeFiles/newton-rp2040-neopixel.dir/C_/Users/BenjaminWoerfel/.pico-sdk/sdk/2.0.0/lib/tinyusb/src/device/usbd.c.obj
                0x1000530c                tud_mount_cb
 .text.tud_umount_cb
                0x1000530e        0x2 CMakeFiles/newton-rp2040-neopixel.dir/C_/Users/BenjaminWoerfel/.pico-sdk/sdk/2.0.0/lib/tinyusb/src/device/usbd.c.obj
                0x1000530e                tud_umount_cb
 .text.tud_suspend_cb
                0x10005310        0x2 CMakeFiles/newton-rp2040-neopixel.dir/C_/Users/BenjaminWoerfel/.pico-sdk/sdk/2.0.0/lib/tinyusb/src/device/usbd.c.obj
                0x10005310                tud_suspend_cb
 .text.tud_resume_cb
                0x10005312        0x2 CMakeFiles/newton-rp2040-neopixel.dir/C_/Users/BenjaminWoerfel/.pico-sdk/sdk/2.0.0/lib/tinyusb/src/device/usbd.c.obj
                0x10005312                tud_resume_cb
 .text.tud_mounted
                0x10005314       0x10 CMakeFiles/newton-rp2040-neopixel.dir/C_/Users/BenjaminWoerfel/.pico-sdk/sdk/2.0.0/lib/tinyusb/src/device/usbd.c.obj
                0x10005314                tud_mounted
 .text.tud_suspended
                0x10005324       0x10 CMakeFiles/newton-rp2040-neopixel.dir/C_/Users/BenjaminWoerfel/.pico-sdk/sdk/2.0.0/lib/tinyusb/src/device/usbd.c.obj
                0x10005324                tud_suspended
 .text.tud_inited
                0x10005334       0x14 CMakeFiles/newton-rp2040-neopixel.dir/C_/Users/BenjaminWoerfel/.pico-sdk/sdk/2.0.0/lib/tinyusb/src/device/usbd.c.obj
                0x10005334                tud_inited
 .text.tud_init
                0x10005348       0xdc CMakeFiles/newton-rp2040-neopixel.dir/C_/Users/BenjaminWoerfel/.pico-sdk/sdk/2.0.0/lib/tinyusb/src/device/usbd.c.obj
                0x10005348                tud_init
 .text.usbd_edpt_open
                0x10005424       0x60 CMakeFiles/newton-rp2040-neopixel.dir/C_/Users/BenjaminWoerfel/.pico-sdk/sdk/2.0.0/lib/tinyusb/src/device/usbd.c.obj
                0x10005424                usbd_edpt_open
 .text.usbd_open_edpt_pair
                0x10005484       0x8c CMakeFiles/newton-rp2040-neopixel.dir/C_/Users/BenjaminWoerfel/.pico-sdk/sdk/2.0.0/lib/tinyusb/src/device/usbd.c.obj
                0x10005484                usbd_open_edpt_pair
 .text.usbd_edpt_claim
                0x10005510       0x28 CMakeFiles/newton-rp2040-neopixel.dir/C_/Users/BenjaminWoerfel/.pico-sdk/sdk/2.0.0/lib/tinyusb/src/device/usbd.c.obj
                0x10005510                usbd_edpt_claim
 .text.usbd_edpt_release
                0x10005538       0x28 CMakeFiles/newton-rp2040-neopixel.dir/C_/Users/BenjaminWoerfel/.pico-sdk/sdk/2.0.0/lib/tinyusb/src/device/usbd.c.obj
                0x10005538                usbd_edpt_release
 .text.usbd_edpt_xfer
                0x10005560       0x88 CMakeFiles/newton-rp2040-neopixel.dir/C_/Users/BenjaminWoerfel/.pico-sdk/sdk/2.0.0/lib/tinyusb/src/device/usbd.c.obj
                0x10005560                usbd_edpt_xfer
 .text.usbd_edpt_stall
                0x100055e8       0x34 CMakeFiles/newton-rp2040-neopixel.dir/C_/Users/BenjaminWoerfel/.pico-sdk/sdk/2.0.0/lib/tinyusb/src/device/usbd.c.obj
                0x100055e8                usbd_edpt_stall
 .text.usbd_edpt_clear_stall
                0x1000561c       0x34 CMakeFiles/newton-rp2040-neopixel.dir/C_/Users/BenjaminWoerfel/.pico-sdk/sdk/2.0.0/lib/tinyusb/src/device/usbd.c.obj
                0x1000561c                usbd_edpt_clear_stall
 .text.usbd_edpt_stalled
                0x10005650       0x1c CMakeFiles/newton-rp2040-neopixel.dir/C_/Users/BenjaminWoerfel/.pico-sdk/sdk/2.0.0/lib/tinyusb/src/device/usbd.c.obj
                0x10005650                usbd_edpt_stalled
 .text.process_control_request
                0x1000566c      0x390 CMakeFiles/newton-rp2040-neopixel.dir/C_/Users/BenjaminWoerfel/.pico-sdk/sdk/2.0.0/lib/tinyusb/src/device/usbd.c.obj
 .text.tud_task_ext
                0x100059fc      0x1c8 CMakeFiles/newton-rp2040-neopixel.dir/C_/Users/BenjaminWoerfel/.pico-sdk/sdk/2.0.0/lib/tinyusb/src/device/usbd.c.obj
                0x100059fc                tud_task_ext
 .text._status_stage_xact
                0x10005bc4       0x1a CMakeFiles/newton-rp2040-neopixel.dir/C_/Users/BenjaminWoerfel/.pico-sdk/sdk/2.0.0/lib/tinyusb/src/device/usbd_control.c.obj
 *fill*         0x10005bde        0x2 
 .text._data_stage_xact
                0x10005be0       0x60 CMakeFiles/newton-rp2040-neopixel.dir/C_/Users/BenjaminWoerfel/.pico-sdk/sdk/2.0.0/lib/tinyusb/src/device/usbd_control.c.obj
 .text.tud_control_status
                0x10005c40       0x28 CMakeFiles/newton-rp2040-neopixel.dir/C_/Users/BenjaminWoerfel/.pico-sdk/sdk/2.0.0/lib/tinyusb/src/device/usbd_control.c.obj
                0x10005c40                tud_control_status
 .text.tud_control_xfer
                0x10005c68       0x98 CMakeFiles/newton-rp2040-neopixel.dir/C_/Users/BenjaminWoerfel/.pico-sdk/sdk/2.0.0/lib/tinyusb/src/device/usbd_control.c.obj
                0x10005c68                tud_control_xfer
 .text.usbd_control_reset
                0x10005d00       0x14 CMakeFiles/newton-rp2040-neopixel.dir/C_/Users/BenjaminWoerfel/.pico-sdk/sdk/2.0.0/lib/tinyusb/src/device/usbd_control.c.obj
                0x10005d00                usbd_control_reset
 .text.usbd_control_set_complete_callback
                0x10005d14        0xc CMakeFiles/newton-rp2040-neopixel.dir/C_/Users/BenjaminWoerfel/.pico-sdk/sdk/2.0.0/lib/tinyusb/src/device/usbd_control.c.obj
                0x10005d14                usbd_control_set_complete_callback
 .text.usbd_control_set_request
                0x10005d20       0x1c CMakeFiles/newton-rp2040-neopixel.dir/C_/Users/BenjaminWoerfel/.pico-sdk/sdk/2.0.0/lib/tinyusb/src/device/usbd_control.c.obj
                0x10005d20                usbd_control_set_request
 .text.usbd_control_xfer_cb
                0x10005d3c       0xe0 CMakeFiles/newton-rp2040-neopixel.dir/C_/Users/BenjaminWoerfel/.pico-sdk/sdk/2.0.0/lib/tinyusb/src/device/usbd_control.c.obj
                0x10005d3c                usbd_control_xfer_cb
 .text._prep_out_transaction
                0x10005e1c       0x72 CMakeFiles/newton-rp2040-neopixel.dir/C_/Users/BenjaminWoerfel/.pico-sdk/sdk/2.0.0/lib/tinyusb/src/class/cdc/cdc_device.c.obj
 *fill*         0x10005e8e        0x2 
 .text.tud_cdc_n_connected
                0x10005e90       0x38 CMakeFiles/newton-rp2040-neopixel.dir/C_/Users/BenjaminWoerfel/.pico-sdk/sdk/2.0.0/lib/tinyusb/src/class/cdc/cdc_device.c.obj
                0x10005e90                tud_cdc_n_connected
 .text.tud_cdc_n_available
                0x10005ec8       0x18 CMakeFiles/newton-rp2040-neopixel.dir/C_/Users/BenjaminWoerfel/.pico-sdk/sdk/2.0.0/lib/tinyusb/src/class/cdc/cdc_device.c.obj
                0x10005ec8                tud_cdc_n_available
 .text.tud_cdc_n_read
                0x10005ee0       0x38 CMakeFiles/newton-rp2040-neopixel.dir/C_/Users/BenjaminWoerfel/.pico-sdk/sdk/2.0.0/lib/tinyusb/src/class/cdc/cdc_device.c.obj
                0x10005ee0                tud_cdc_n_read
 .text.tud_cdc_n_write_flush
                0x10005f18       0xcc CMakeFiles/newton-rp2040-neopixel.dir/C_/Users/BenjaminWoerfel/.pico-sdk/sdk/2.0.0/lib/tinyusb/src/class/cdc/cdc_device.c.obj
                0x10005f18                tud_cdc_n_write_flush
 .text.tud_cdc_n_write
                0x10005fe4       0x48 CMakeFiles/newton-rp2040-neopixel.dir/C_/Users/BenjaminWoerfel/.pico-sdk/sdk/2.0.0/lib/tinyusb/src/class/cdc/cdc_device.c.obj
                0x10005fe4                tud_cdc_n_write
 .text.tud_cdc_n_write_available
                0x1000602c       0x1c CMakeFiles/newton-rp2040-neopixel.dir/C_/Users/BenjaminWoerfel/.pico-sdk/sdk/2.0.0/lib/tinyusb/src/class/cdc/cdc_device.c.obj
                0x1000602c                tud_cdc_n_write_available
 .text.cdcd_init
                0x10006048       0xc0 CMakeFiles/newton-rp2040-neopixel.dir/C_/Users/BenjaminWoerfel/.pico-sdk/sdk/2.0.0/lib/tinyusb/src/class/cdc/cdc_device.c.obj
                0x10006048                cdcd_init
 .text.cdcd_deinit
                0x10006108       0x50 CMakeFiles/newton-rp2040-neopixel.dir/C_/Users/BenjaminWoerfel/.pico-sdk/sdk/2.0.0/lib/tinyusb/src/class/cdc/cdc_device.c.obj
                0x10006108                cdcd_deinit
 .text.cdcd_reset
                0x10006158       0x78 CMakeFiles/newton-rp2040-neopixel.dir/C_/Users/BenjaminWoerfel/.pico-sdk/sdk/2.0.0/lib/tinyusb/src/class/cdc/cdc_device.c.obj
                0x10006158                cdcd_reset
 .text.cdcd_open
                0x100061d0       0xf0 CMakeFiles/newton-rp2040-neopixel.dir/C_/Users/BenjaminWoerfel/.pico-sdk/sdk/2.0.0/lib/tinyusb/src/class/cdc/cdc_device.c.obj
                0x100061d0                cdcd_open
 .text.cdcd_control_xfer_cb
                0x100062c0      0x138 CMakeFiles/newton-rp2040-neopixel.dir/C_/Users/BenjaminWoerfel/.pico-sdk/sdk/2.0.0/lib/tinyusb/src/class/cdc/cdc_device.c.obj
                0x100062c0                cdcd_control_xfer_cb
 .text.cdcd_xfer_cb
                0x100063f8      0x144 CMakeFiles/newton-rp2040-neopixel.dir/C_/Users/BenjaminWoerfel/.pico-sdk/sdk/2.0.0/lib/tinyusb/src/class/cdc/cdc_device.c.obj
                0x100063f8                cdcd_xfer_cb
 .text._prep_out_transaction
                0x1000653c       0x3a CMakeFiles/newton-rp2040-neopixel.dir/C_/Users/BenjaminWoerfel/.pico-sdk/sdk/2.0.0/lib/tinyusb/src/class/vendor/vendor_device.c.obj
 *fill*         0x10006576        0x2 
 .text.tud_vendor_n_write_flush
                0x10006578       0xcc CMakeFiles/newton-rp2040-neopixel.dir/C_/Users/BenjaminWoerfel/.pico-sdk/sdk/2.0.0/lib/tinyusb/src/class/vendor/vendor_device.c.obj
                0x10006578                tud_vendor_n_write_flush
 .text.vendord_init
                0x10006644       0xa0 CMakeFiles/newton-rp2040-neopixel.dir/C_/Users/BenjaminWoerfel/.pico-sdk/sdk/2.0.0/lib/tinyusb/src/class/vendor/vendor_device.c.obj
                0x10006644                vendord_init
 .text.vendord_deinit
                0x100066e4       0x50 CMakeFiles/newton-rp2040-neopixel.dir/C_/Users/BenjaminWoerfel/.pico-sdk/sdk/2.0.0/lib/tinyusb/src/class/vendor/vendor_device.c.obj
                0x100066e4                vendord_deinit
 .text.vendord_reset
                0x10006734       0x38 CMakeFiles/newton-rp2040-neopixel.dir/C_/Users/BenjaminWoerfel/.pico-sdk/sdk/2.0.0/lib/tinyusb/src/class/vendor/vendor_device.c.obj
                0x10006734                vendord_reset
 .text.vendord_open
                0x1000676c       0xd0 CMakeFiles/newton-rp2040-neopixel.dir/C_/Users/BenjaminWoerfel/.pico-sdk/sdk/2.0.0/lib/tinyusb/src/class/vendor/vendor_device.c.obj
                0x1000676c                vendord_open
 .text.vendord_xfer_cb
                0x1000683c       0xc8 CMakeFiles/newton-rp2040-neopixel.dir/C_/Users/BenjaminWoerfel/.pico-sdk/sdk/2.0.0/lib/tinyusb/src/class/vendor/vendor_device.c.obj
                0x1000683c                vendord_xfer_cb
 .text.tusb_init
                0x10006904       0x24 CMakeFiles/newton-rp2040-neopixel.dir/C_/Users/BenjaminWoerfel/.pico-sdk/sdk/2.0.0/lib/tinyusb/src/tusb.c.obj
                0x10006904                tusb_init
 .text.tu_edpt_claim
                0x10006928       0x50 CMakeFiles/newton-rp2040-neopixel.dir/C_/Users/BenjaminWoerfel/.pico-sdk/sdk/2.0.0/lib/tinyusb/src/tusb.c.obj
                0x10006928                tu_edpt_claim
 .text.tu_edpt_release
                0x10006978       0x38 CMakeFiles/newton-rp2040-neopixel.dir/C_/Users/BenjaminWoerfel/.pico-sdk/sdk/2.0.0/lib/tinyusb/src/tusb.c.obj
                0x10006978                tu_edpt_release
 .text.tu_edpt_validate
                0x100069b0       0xac CMakeFiles/newton-rp2040-neopixel.dir/C_/Users/BenjaminWoerfel/.pico-sdk/sdk/2.0.0/lib/tinyusb/src/tusb.c.obj
                0x100069b0                tu_edpt_validate
 .text.tu_edpt_bind_driver
                0x10006a5c       0x26 CMakeFiles/newton-rp2040-neopixel.dir/C_/Users/BenjaminWoerfel/.pico-sdk/sdk/2.0.0/lib/tinyusb/src/tusb.c.obj
                0x10006a5c                tu_edpt_bind_driver
 .text.advance_index
                0x10006a82       0x1a CMakeFiles/newton-rp2040-neopixel.dir/C_/Users/BenjaminWoerfel/.pico-sdk/sdk/2.0.0/lib/tinyusb/src/common/tusb_fifo.c.obj
 .text._tu_fifo_peek
                0x10006a9c       0x56 CMakeFiles/newton-rp2040-neopixel.dir/C_/Users/BenjaminWoerfel/.pico-sdk/sdk/2.0.0/lib/tinyusb/src/common/tusb_fifo.c.obj
 .text._ff_pull_n
                0x10006af2       0x68 CMakeFiles/newton-rp2040-neopixel.dir/C_/Users/BenjaminWoerfel/.pico-sdk/sdk/2.0.0/lib/tinyusb/src/common/tusb_fifo.c.obj
 .text._tu_fifo_peek_n
                0x10006b5a       0x6a CMakeFiles/newton-rp2040-neopixel.dir/C_/Users/BenjaminWoerfel/.pico-sdk/sdk/2.0.0/lib/tinyusb/src/common/tusb_fifo.c.obj
 .text._tu_fifo_read_n
                0x10006bc4       0x4e CMakeFiles/newton-rp2040-neopixel.dir/C_/Users/BenjaminWoerfel/.pico-sdk/sdk/2.0.0/lib/tinyusb/src/common/tusb_fifo.c.obj
 .text._ff_push_n
                0x10006c12       0x68 CMakeFiles/newton-rp2040-neopixel.dir/C_/Users/BenjaminWoerfel/.pico-sdk/sdk/2.0.0/lib/tinyusb/src/common/tusb_fifo.c.obj
 .text._tu_fifo_write_n
                0x10006c7a       0xf0 CMakeFiles/newton-rp2040-neopixel.dir/C_/Users/BenjaminWoerfel/.pico-sdk/sdk/2.0.0/lib/tinyusb/src/common/tusb_fifo.c.obj
 .text.tu_fifo_config
                0x10006d6a       0x7c CMakeFiles/newton-rp2040-neopixel.dir/C_/Users/BenjaminWoerfel/.pico-sdk/sdk/2.0.0/lib/tinyusb/src/common/tusb_fifo.c.obj
                0x10006d6a                tu_fifo_config
 .text.tu_fifo_count
                0x10006de6       0x2a CMakeFiles/newton-rp2040-neopixel.dir/C_/Users/BenjaminWoerfel/.pico-sdk/sdk/2.0.0/lib/tinyusb/src/common/tusb_fifo.c.obj
                0x10006de6                tu_fifo_count
 .text.tu_fifo_empty
                0x10006e10        0xe CMakeFiles/newton-rp2040-neopixel.dir/C_/Users/BenjaminWoerfel/.pico-sdk/sdk/2.0.0/lib/tinyusb/src/common/tusb_fifo.c.obj
                0x10006e10                tu_fifo_empty
 .text.tu_fifo_full
                0x10006e1e       0x28 CMakeFiles/newton-rp2040-neopixel.dir/C_/Users/BenjaminWoerfel/.pico-sdk/sdk/2.0.0/lib/tinyusb/src/common/tusb_fifo.c.obj
                0x10006e1e                tu_fifo_full
 .text.tu_fifo_remaining
                0x10006e46       0x2c CMakeFiles/newton-rp2040-neopixel.dir/C_/Users/BenjaminWoerfel/.pico-sdk/sdk/2.0.0/lib/tinyusb/src/common/tusb_fifo.c.obj
                0x10006e46                tu_fifo_remaining
 .text.tu_fifo_read
                0x10006e72       0x42 CMakeFiles/newton-rp2040-neopixel.dir/C_/Users/BenjaminWoerfel/.pico-sdk/sdk/2.0.0/lib/tinyusb/src/common/tusb_fifo.c.obj
                0x10006e72                tu_fifo_read
 .text.tu_fifo_read_n
                0x10006eb4        0xa CMakeFiles/newton-rp2040-neopixel.dir/C_/Users/BenjaminWoerfel/.pico-sdk/sdk/2.0.0/lib/tinyusb/src/common/tusb_fifo.c.obj
                0x10006eb4                tu_fifo_read_n
 .text.tu_fifo_write
                0x10006ebe       0x64 CMakeFiles/newton-rp2040-neopixel.dir/C_/Users/BenjaminWoerfel/.pico-sdk/sdk/2.0.0/lib/tinyusb/src/common/tusb_fifo.c.obj
                0x10006ebe                tu_fifo_write
 .text.tu_fifo_write_n
                0x10006f22        0xa CMakeFiles/newton-rp2040-neopixel.dir/C_/Users/BenjaminWoerfel/.pico-sdk/sdk/2.0.0/lib/tinyusb/src/common/tusb_fifo.c.obj
                0x10006f22                tu_fifo_write_n
 .text.tu_fifo_clear
                0x10006f2c       0x3e CMakeFiles/newton-rp2040-neopixel.dir/C_/Users/BenjaminWoerfel/.pico-sdk/sdk/2.0.0/lib/tinyusb/src/common/tusb_fifo.c.obj
                0x10006f2c                tu_fifo_clear
 .text.tu_fifo_set_overwritable
                0x10006f6a       0x46 CMakeFiles/newton-rp2040-neopixel.dir/C_/Users/BenjaminWoerfel/.pico-sdk/sdk/2.0.0/lib/tinyusb/src/common/tusb_fifo.c.obj
                0x10006f6a                tu_fifo_set_overwritable
 .text.strlen   0x10006fb0       0x5c C:/Users/BenjaminWoerfel/.pico-sdk/toolchain/13_2_Rel1/bin/../lib/gcc/arm-none-eabi/13.2.1/thumb/v6-m/nofp\libg.a(libc_a-strlen-stub.o)
                0x10006fb0                strlen
 *(.fini)
 .fini          0x1000700c        0x4 C:/Users/BenjaminWoerfel/.pico-sdk/toolchain/13_2_Rel1/bin/../lib/gcc/arm-none-eabi/13.2.1/thumb/v6-m/nofp/crti.o
                0x1000700c                _fini
 .fini.__stub   0x10007010       0xd0 linker stubs
 *crtbegin.o(.ctors)
 *crtbegin?.o(.ctors)
 *(EXCLUDE_FILE(*crtend.o *crtend?.o) .ctors)
 *(SORT_BY_NAME(.ctors.*))
 *(.ctors)
 *crtbegin.o(.dtors)
 *crtbegin?.o(.dtors)
 *(EXCLUDE_FILE(*crtend.o *crtend?.o) .dtors)
 *(SORT_BY_NAME(.dtors.*))
 *(.dtors)
                0x100070e0                        . = ALIGN (0x4)
                0x100070e0                        PROVIDE (__preinit_array_start = .)
 *(SORT_BY_NAME(.preinit_array.*))
 .preinit_array.00100
                0x100070e0        0x4 CMakeFiles/newton-rp2040-neopixel.dir/C_/Users/BenjaminWoerfel/.pico-sdk/sdk/2.0.0/src/rp2_common/pico_runtime_init/runtime_init.c.obj
                0x100070e0                __pre_init_runtime_init_early_resets
 .preinit_array.00101
                0x100070e4        0x4 CMakeFiles/newton-rp2040-neopixel.dir/C_/Users/BenjaminWoerfel/.pico-sdk/sdk/2.0.0/src/rp2_common/pico_runtime_init/runtime_init.c.obj
                0x100070e4                __pre_init_runtime_init_usb_power_down
 .preinit_array.00275
                0x100070e8        0x4 CMakeFiles/newton-rp2040-neopixel.dir/C_/Users/BenjaminWoerfel/.pico-sdk/sdk/2.0.0/src/rp2_common/pico_bit_ops/bit_ops_aeabi.S.obj
 .preinit_array.00300
                0x100070ec        0x4 CMakeFiles/newton-rp2040-neopixel.dir/C_/Users/BenjaminWoerfel/.pico-sdk/sdk/2.0.0/src/rp2_common/pico_mem_ops/mem_ops_aeabi.S.obj
 .preinit_array.00350
                0x100070f0        0x4 CMakeFiles/newton-rp2040-neopixel.dir/C_/Users/BenjaminWoerfel/.pico-sdk/sdk/2.0.0/src/rp2_common/pico_double/double_aeabi_rp2040.S.obj
 .preinit_array.00350
                0x100070f4        0x4 CMakeFiles/newton-rp2040-neopixel.dir/C_/Users/BenjaminWoerfel/.pico-sdk/sdk/2.0.0/src/rp2_common/pico_float/float_aeabi_rp2040.S.obj
 .preinit_array.00500
                0x100070f8        0x4 CMakeFiles/newton-rp2040-neopixel.dir/C_/Users/BenjaminWoerfel/.pico-sdk/sdk/2.0.0/src/rp2_common/pico_runtime_init/runtime_init.c.obj
                0x100070f8                __pre_init_runtime_init_clocks
 .preinit_array.00600
                0x100070fc        0x4 CMakeFiles/newton-rp2040-neopixel.dir/C_/Users/BenjaminWoerfel/.pico-sdk/sdk/2.0.0/src/rp2_common/pico_runtime_init/runtime_init.c.obj
                0x100070fc                __pre_init_runtime_init_post_clock_resets
 .preinit_array.00700
                0x10007100        0x4 CMakeFiles/newton-rp2040-neopixel.dir/C_/Users/BenjaminWoerfel/.pico-sdk/sdk/2.0.0/src/rp2_common/pico_runtime_init/runtime_init.c.obj
                0x10007100                __pre_init_runtime_init_rp2040_gpio_ie_disable
 .preinit_array.01000
                0x10007104        0x4 CMakeFiles/newton-rp2040-neopixel.dir/C_/Users/BenjaminWoerfel/.pico-sdk/sdk/2.0.0/src/rp2_common/pico_runtime_init/runtime_init.c.obj
                0x10007104                __pre_init_runtime_init_spin_locks_reset
 .preinit_array.01100
                0x10007108        0x4 CMakeFiles/newton-rp2040-neopixel.dir/C_/Users/BenjaminWoerfel/.pico-sdk/sdk/2.0.0/src/common/pico_sync/mutex.c.obj
                0x10007108                __pre_init_runtime_init_mutex
 .preinit_array.10080
                0x1000710c        0x4 CMakeFiles/newton-rp2040-neopixel.dir/C_/Users/BenjaminWoerfel/.pico-sdk/sdk/2.0.0/src/rp2_common/pico_runtime_init/runtime_init.c.obj
                0x1000710c                __pre_init_runtime_init_install_ram_vector_table
 .preinit_array.11000
                0x10007110        0x4 CMakeFiles/newton-rp2040-neopixel.dir/C_/Users/BenjaminWoerfel/.pico-sdk/sdk/2.0.0/src/common/pico_time/time.c.obj
                0x10007110                __pre_init_runtime_init_default_alarm_pool
 .preinit_array.YYYYY
                0x10007114        0x4 CMakeFiles/newton-rp2040-neopixel.dir/C_/Users/BenjaminWoerfel/.pico-sdk/sdk/2.0.0/src/rp2_common/pico_runtime/runtime.c.obj
                0x10007114                __pre_init_first_per_core_initializer
 .preinit_array.ZZZZZ.01200
                0x10007118        0x4 CMakeFiles/newton-rp2040-neopixel.dir/C_/Users/BenjaminWoerfel/.pico-sdk/sdk/2.0.0/src/rp2_common/hardware_irq/irq.c.obj
                0x10007118                __pre_init_runtime_init_per_core_irq_priorities
 *(.preinit_array)
                0x1000711c                        PROVIDE (__preinit_array_end = .)
                0x1000711c                        . = ALIGN (0x4)
                0x1000711c                        PROVIDE (__init_array_start = .)
 *(SORT_BY_NAME(.init_array.*))
 *(.init_array)
 .init_array    0x1000711c        0x4 C:/Users/BenjaminWoerfel/.pico-sdk/toolchain/13_2_Rel1/bin/../lib/gcc/arm-none-eabi/13.2.1/thumb/v6-m/nofp/crtbegin.o
 .init_array    0x10007120        0x4 CMakeFiles/newton-rp2040-neopixel.dir/C_/Users/BenjaminWoerfel/.pico-sdk/sdk/2.0.0/src/rp2_common/pico_unique_id/unique_id.c.obj
                0x10007124                        PROVIDE (__init_array_end = .)
                0x10007124                        . = ALIGN (0x4)
                [!provide]                        PROVIDE (__fini_array_start = .)
 *(SORT_BY_NAME(.fini_array.*))
 *(.fini_array)
                [!provide]                        PROVIDE (__fini_array_end = .)
 *(.eh_frame*)
 .eh_frame      0x10007124        0x0 C:/Users/BenjaminWoerfel/.pico-sdk/toolchain/13_2_Rel1/bin/../lib/gcc/arm-none-eabi/13.2.1/thumb/v6-m/nofp/crtbegin.o
                0x10007124                        . = ALIGN (0x4)

.glue_7         0x10007124        0x0
 .glue_7        0x10007124        0x0 linker stubs

.glue_7t        0x10007124        0x0
 .glue_7t       0x10007124        0x0 linker stubs

.vfp11_veneer   0x10007124        0x0
 .vfp11_veneer  0x10007124        0x0 linker stubs

.v4_bx          0x10007124        0x0
 .v4_bx         0x10007124        0x0 linker stubs

.iplt           0x10007124        0x0
 .iplt          0x10007124        0x0 C:/Users/BenjaminWoerfel/.pico-sdk/toolchain/13_2_Rel1/bin/../lib/gcc/arm-none-eabi/13.2.1/thumb/v6-m/nofp/crtbegin.o

.rodata         0x10007128     0x1668
 *(EXCLUDE_FILE(*libm.a: *libc.a:*lib_a-mem*.o *libgcc.a:) .rodata*)
 .rodata._Z14alarm_callbacklPv.str1.4
                0x10007128      0xdfb CMakeFiles/newton-rp2040-neopixel.dir/newton-rp2040-neopixel.cpp.obj
                                 0x11 (size before relaxing)
 .rodata.main.str1.4
                0x10007f23       0x79 CMakeFiles/newton-rp2040-neopixel.dir/newton-rp2040-neopixel.cpp.obj
 *fill*         0x10007f23        0x1 
 .rodata._ZL11ppm_program
                0x10007f24        0x8 CMakeFiles/newton-rp2040-neopixel.dir/newton-rp2040-neopixel.cpp.obj
 .rodata._ZL24ppm_program_instructions
                0x10007f2c        0xa CMakeFiles/newton-rp2040-neopixel.dir/newton-rp2040-neopixel.cpp.obj
 *fill*         0x10007f36        0x2 
 .rodata        0x10007f38        0x8 CMakeFiles/newton-rp2040-neopixel.dir/newton-rp2040-neopixel.cpp.obj
 .rodata._ZL13PwmIn_program
                0x10007f40        0x8 CMakeFiles/newton-rp2040-neopixel.dir/PwmIn.cpp.obj
 .rodata._ZL26PwmIn_program_instructions
                0x10007f48       0x1e CMakeFiles/newton-rp2040-neopixel.dir/PwmIn.cpp.obj
 .rodata.rp2040_chip_version.str1.4
                0x10007f66       0x89 CMakeFiles/newton-rp2040-neopixel.dir/C_/Users/BenjaminWoerfel/.pico-sdk/sdk/2.0.0/src/rp2040/pico_platform/platform.c.obj
 *fill*         0x10007f66        0x2 
 .rodata.__func__.0
                0x10007f68       0x14 CMakeFiles/newton-rp2040-neopixel.dir/C_/Users/BenjaminWoerfel/.pico-sdk/sdk/2.0.0/src/rp2040/pico_platform/platform.c.obj
 .rodata.panic.str1.4
                0x10007f7c       0x12 CMakeFiles/newton-rp2040-neopixel.dir/C_/Users/BenjaminWoerfel/.pico-sdk/sdk/2.0.0/src/rp2_common/pico_platform_panic/panic.c.obj
 .rodata.spin_lock_claim_unused.str1.4
                0x10007f7c       0x1b CMakeFiles/newton-rp2040-neopixel.dir/C_/Users/BenjaminWoerfel/.pico-sdk/sdk/2.0.0/src/rp2_common/hardware_sync/sync.c.obj
 .rodata.resolve_j_16.str1.4
                0x10007f7c       0x67 CMakeFiles/newton-rp2040-neopixel.dir/C_/Users/BenjaminWoerfel/.pico-sdk/sdk/2.0.0/src/rp2_common/hardware_irq/irq.c.obj
 .rodata.make_j_16.str1.4
                0x10007f7c       0x30 CMakeFiles/newton-rp2040-neopixel.dir/C_/Users/BenjaminWoerfel/.pico-sdk/sdk/2.0.0/src/rp2_common/hardware_irq/irq.c.obj
 .rodata.insert_bl_32.str1.4
                0x10007f7c       0x10 CMakeFiles/newton-rp2040-neopixel.dir/C_/Users/BenjaminWoerfel/.pico-sdk/sdk/2.0.0/src/rp2_common/hardware_irq/irq.c.obj
 .rodata.irq_set_exclusive_handler.str1.4
                0x10007f7c       0x36 CMakeFiles/newton-rp2040-neopixel.dir/C_/Users/BenjaminWoerfel/.pico-sdk/sdk/2.0.0/src/rp2_common/hardware_irq/irq.c.obj
 .rodata.irq_add_shared_handler.str1.4
                0x10007f7c       0xd2 CMakeFiles/newton-rp2040-neopixel.dir/C_/Users/BenjaminWoerfel/.pico-sdk/sdk/2.0.0/src/rp2_common/hardware_irq/irq.c.obj
 .rodata.irq_remove_handler.str1.4
                0x10007f7c       0x3a CMakeFiles/newton-rp2040-neopixel.dir/C_/Users/BenjaminWoerfel/.pico-sdk/sdk/2.0.0/src/rp2_common/hardware_irq/irq.c.obj
 .rodata.irq_add_tail_to_free_list.str1.4
                0x10007f7c       0x3a CMakeFiles/newton-rp2040-neopixel.dir/C_/Users/BenjaminWoerfel/.pico-sdk/sdk/2.0.0/src/rp2_common/hardware_irq/irq.c.obj
 .rodata.user_irq_claim_unused.str1.4
                0x10007f7c       0x1b CMakeFiles/newton-rp2040-neopixel.dir/C_/Users/BenjaminWoerfel/.pico-sdk/sdk/2.0.0/src/rp2_common/hardware_irq/irq.c.obj
 .rodata.__func__.0
                0x10007f7c       0x1a CMakeFiles/newton-rp2040-neopixel.dir/C_/Users/BenjaminWoerfel/.pico-sdk/sdk/2.0.0/src/rp2_common/hardware_irq/irq.c.obj
 *fill*         0x10007f96        0x2 
 .rodata.__func__.1
                0x10007f98        0xd CMakeFiles/newton-rp2040-neopixel.dir/C_/Users/BenjaminWoerfel/.pico-sdk/sdk/2.0.0/src/rp2_common/hardware_irq/irq.c.obj
 *fill*         0x10007fa5        0x3 
 .rodata.__func__.2
                0x10007fa8       0x13 CMakeFiles/newton-rp2040-neopixel.dir/C_/Users/BenjaminWoerfel/.pico-sdk/sdk/2.0.0/src/rp2_common/hardware_irq/irq.c.obj
 *fill*         0x10007fbb        0x1 
 .rodata.__func__.3
                0x10007fbc        0xa CMakeFiles/newton-rp2040-neopixel.dir/C_/Users/BenjaminWoerfel/.pico-sdk/sdk/2.0.0/src/rp2_common/hardware_irq/irq.c.obj
 *fill*         0x10007fc6        0x2 
 .rodata.__func__.4
                0x10007fc8        0xd CMakeFiles/newton-rp2040-neopixel.dir/C_/Users/BenjaminWoerfel/.pico-sdk/sdk/2.0.0/src/rp2_common/hardware_irq/irq.c.obj
 *fill*         0x10007fd5        0x3 
 .rodata.__func__.5
                0x10007fd8       0x17 CMakeFiles/newton-rp2040-neopixel.dir/C_/Users/BenjaminWoerfel/.pico-sdk/sdk/2.0.0/src/rp2_common/hardware_irq/irq.c.obj
 *fill*         0x10007fef        0x1 
 .rodata.__func__.6
                0x10007ff0       0x1a CMakeFiles/newton-rp2040-neopixel.dir/C_/Users/BenjaminWoerfel/.pico-sdk/sdk/2.0.0/src/rp2_common/hardware_irq/irq.c.obj
 .rodata.runtime_init_mutex.str1.4
                0x1000800a       0x6a CMakeFiles/newton-rp2040-neopixel.dir/C_/Users/BenjaminWoerfel/.pico-sdk/sdk/2.0.0/src/common/pico_sync/mutex.c.obj
 .rodata.str1.4
                0x1000800a       0x51 CMakeFiles/newton-rp2040-neopixel.dir/C_/Users/BenjaminWoerfel/.pico-sdk/sdk/2.0.0/src/common/pico_sync/mutex.c.obj
 *fill*         0x1000800a        0x2 
 .rodata.__func__.1
                0x1000800c        0xb CMakeFiles/newton-rp2040-neopixel.dir/C_/Users/BenjaminWoerfel/.pico-sdk/sdk/2.0.0/src/common/pico_sync/mutex.c.obj
 *fill*         0x10008017        0x1 
 .rodata.__func__.3
                0x10008018       0x18 CMakeFiles/newton-rp2040-neopixel.dir/C_/Users/BenjaminWoerfel/.pico-sdk/sdk/2.0.0/src/common/pico_sync/mutex.c.obj
 .rodata.__func__.6
                0x10008030       0x13 CMakeFiles/newton-rp2040-neopixel.dir/C_/Users/BenjaminWoerfel/.pico-sdk/sdk/2.0.0/src/common/pico_sync/mutex.c.obj
 .rodata.alarm_pool_irq_handler.str1.4
                0x10008043       0x75 CMakeFiles/newton-rp2040-neopixel.dir/C_/Users/BenjaminWoerfel/.pico-sdk/sdk/2.0.0/src/common/pico_time/time.c.obj
 .rodata.alarm_pool_get_default.str1.4
                0x10008043       0x21 CMakeFiles/newton-rp2040-neopixel.dir/C_/Users/BenjaminWoerfel/.pico-sdk/sdk/2.0.0/src/common/pico_time/time.c.obj
 .rodata.sleep_until.str1.4
                0x10008043       0x4d CMakeFiles/newton-rp2040-neopixel.dir/C_/Users/BenjaminWoerfel/.pico-sdk/sdk/2.0.0/src/common/pico_time/time.c.obj
 *fill*         0x10008043        0x1 
 .rodata.__func__.1
                0x10008044       0x17 CMakeFiles/newton-rp2040-neopixel.dir/C_/Users/BenjaminWoerfel/.pico-sdk/sdk/2.0.0/src/common/pico_time/time.c.obj
 *fill*         0x1000805b        0x1 
 .rodata.__func__.2
                0x1000805c       0x17 CMakeFiles/newton-rp2040-neopixel.dir/C_/Users/BenjaminWoerfel/.pico-sdk/sdk/2.0.0/src/common/pico_time/time.c.obj
 .rodata.timer_hardware_alarm_claim.str1.4
                0x10008073       0x22 CMakeFiles/newton-rp2040-neopixel.dir/C_/Users/BenjaminWoerfel/.pico-sdk/sdk/2.0.0/src/rp2_common/hardware_timer/timer.c.obj
 .rodata.pll_init.str1.4
                0x10008073      0x124 CMakeFiles/newton-rp2040-neopixel.dir/C_/Users/BenjaminWoerfel/.pico-sdk/sdk/2.0.0/src/rp2_common/hardware_pll/pll.c.obj
 *fill*         0x10008073        0x1 
 .rodata.__func__.0
                0x10008074        0x9 CMakeFiles/newton-rp2040-neopixel.dir/C_/Users/BenjaminWoerfel/.pico-sdk/sdk/2.0.0/src/rp2_common/hardware_pll/pll.c.obj
 .rodata.missing_double_func_shim.str1.4
                0x1000807d       0x18 CMakeFiles/newton-rp2040-neopixel.dir/C_/Users/BenjaminWoerfel/.pico-sdk/sdk/2.0.0/src/rp2_common/pico_double/double_init_rom_rp2040.c.obj
 .rodata.__aeabi_double_init.str1.4
                0x1000807d       0xa5 CMakeFiles/newton-rp2040-neopixel.dir/C_/Users/BenjaminWoerfel/.pico-sdk/sdk/2.0.0/src/rp2_common/pico_double/double_init_rom_rp2040.c.obj
 *fill*         0x1000807d        0x3 
 .rodata.__func__.0
                0x10008080       0x14 CMakeFiles/newton-rp2040-neopixel.dir/C_/Users/BenjaminWoerfel/.pico-sdk/sdk/2.0.0/src/rp2_common/pico_double/double_init_rom_rp2040.c.obj
 .rodata.missing_float_func_shim.str1.4
                0x10008094        0x1 CMakeFiles/newton-rp2040-neopixel.dir/C_/Users/BenjaminWoerfel/.pico-sdk/sdk/2.0.0/src/rp2_common/pico_float/float_init_rom_rp2040.c.obj
 .rodata.__aeabi_float_init.str1.4
                0x10008094       0x93 CMakeFiles/newton-rp2040-neopixel.dir/C_/Users/BenjaminWoerfel/.pico-sdk/sdk/2.0.0/src/rp2_common/pico_float/float_init_rom_rp2040.c.obj
 .rodata.__func__.0
                0x10008094       0x13 CMakeFiles/newton-rp2040-neopixel.dir/C_/Users/BenjaminWoerfel/.pico-sdk/sdk/2.0.0/src/rp2_common/pico_float/float_init_rom_rp2040.c.obj
 .rodata.str1.4
                0x100080a7       0x58 CMakeFiles/newton-rp2040-neopixel.dir/C_/Users/BenjaminWoerfel/.pico-sdk/sdk/2.0.0/src/rp2_common/pico_standard_binary_info/standard_binary_info.c.obj
 *fill*         0x100080a7        0x1 
 .rodata.__bi_84
                0x100080a8        0xc CMakeFiles/newton-rp2040-neopixel.dir/C_/Users/BenjaminWoerfel/.pico-sdk/sdk/2.0.0/src/rp2_common/pico_standard_binary_info/standard_binary_info.c.obj
 .rodata.__bi_60
                0x100080b4        0xc CMakeFiles/newton-rp2040-neopixel.dir/C_/Users/BenjaminWoerfel/.pico-sdk/sdk/2.0.0/src/rp2_common/pico_standard_binary_info/standard_binary_info.c.obj
 .rodata.__bi_54